Component: ARM Compiler 5.06 update 6 (build 750) Tool: armlink [4d35ed]

==============================================================================

Section Cross References

    startup_stm32f103xb.o(STACK) refers (Special) to heapauxi.o(.text) for __use_two_region_memory
    startup_stm32f103xb.o(HEAP) refers (Special) to heapauxi.o(.text) for __use_two_region_memory
    startup_stm32f103xb.o(RESET) refers (Special) to heapauxi.o(.text) for __use_two_region_memory
    startup_stm32f103xb.o(RESET) refers to startup_stm32f103xb.o(STACK) for __initial_sp
    startup_stm32f103xb.o(RESET) refers to startup_stm32f103xb.o(.text) for Reset_Handler
    startup_stm32f103xb.o(RESET) refers to stm32f1xx_it.o(i.NMI_Handler) for NMI_Handler
    startup_stm32f103xb.o(RESET) refers to stm32f1xx_it.o(i.HardFault_Handler) for HardFault_Handler
    startup_stm32f103xb.o(RESET) refers to stm32f1xx_it.o(i.MemManage_Handler) for MemManage_Handler
    startup_stm32f103xb.o(RESET) refers to stm32f1xx_it.o(i.BusFault_Handler) for BusFault_Handler
    startup_stm32f103xb.o(RESET) refers to stm32f1xx_it.o(i.UsageFault_Handler) for UsageFault_Handler
    startup_stm32f103xb.o(RESET) refers to port.o(.emb_text) for SVC_Handler
    startup_stm32f103xb.o(RESET) refers to stm32f1xx_it.o(i.DebugMon_Handler) for DebugMon_Handler
    startup_stm32f103xb.o(RESET) refers to port.o(i.SysTick_Handler) for SysTick_Handler
    startup_stm32f103xb.o(RESET) refers to stm32f1xx_it.o(i.TIM4_IRQHandler) for TIM4_IRQHandler
    startup_stm32f103xb.o(.text) refers (Special) to heapauxi.o(.text) for __use_two_region_memory
    startup_stm32f103xb.o(.text) refers to system_stm32f1xx.o(i.SystemInit) for SystemInit
    startup_stm32f103xb.o(.text) refers to __main.o(!!!main) for __main
    startup_stm32f103xb.o(.text) refers to startup_stm32f103xb.o(HEAP) for Heap_Mem
    startup_stm32f103xb.o(.text) refers to startup_stm32f103xb.o(STACK) for Stack_Mem
    main.o(i.HAL_TIM_PeriodElapsedCallback) refers to stm32f1xx_hal.o(i.HAL_IncTick) for HAL_IncTick
    main.o(i.MX_GPIO_Init) refers to stm32f1xx_hal_gpio.o(i.HAL_GPIO_WritePin) for HAL_GPIO_WritePin
    main.o(i.MX_GPIO_Init) refers to stm32f1xx_hal_gpio.o(i.HAL_GPIO_Init) for HAL_GPIO_Init
    main.o(i.MX_SPI1_Init) refers to stm32f1xx_hal_spi.o(i.HAL_SPI_Init) for HAL_SPI_Init
    main.o(i.MX_SPI1_Init) refers to main.o(.bss) for .bss
    main.o(i.Start_Task1) refers to my_nrf24.o(i.NRF24_write) for NRF24_write
    main.o(i.Start_Task1) refers to cmsis_os.o(i.osDelay) for osDelay
    main.o(i.Start_Task1) refers to main.o(.data) for .data
    main.o(i.Start_Task1) refers to main.o(.bss) for .bss
    main.o(i.Start_Task2) refers to mpu6050.o(i.mpu6050_read_x) for mpu6050_read_x
    main.o(i.Start_Task2) refers to mpu6050.o(i.mpu6050_read_y) for mpu6050_read_y
    main.o(i.Start_Task2) refers to cmsis_os.o(i.osDelay) for osDelay
    main.o(i.Start_Task2) refers to main.o(.data) for .data
    main.o(i.SystemClock_Config) refers to rt_memclr_w.o(.text) for __aeabi_memclr4
    main.o(i.SystemClock_Config) refers to stm32f1xx_hal_rcc.o(i.HAL_RCC_OscConfig) for HAL_RCC_OscConfig
    main.o(i.SystemClock_Config) refers to stm32f1xx_hal_rcc.o(i.HAL_RCC_ClockConfig) for HAL_RCC_ClockConfig
    main.o(i.main) refers to stm32f1xx_hal.o(i.HAL_Init) for HAL_Init
    main.o(i.main) refers to main.o(i.SystemClock_Config) for SystemClock_Config
    main.o(i.main) refers to main.o(i.MX_GPIO_Init) for MX_GPIO_Init
    main.o(i.main) refers to main.o(i.MX_SPI1_Init) for MX_SPI1_Init
    main.o(i.main) refers to stm32f1xx_hal_i2c.o(i.HAL_I2C_Init) for HAL_I2C_Init
    main.o(i.main) refers to mpu6050.o(i.mpu6050_init) for mpu6050_init
    main.o(i.main) refers to rt_memcpy_w.o(.text) for __aeabi_memcpy4
    main.o(i.main) refers to my_nrf24.o(i.NRF24_begin) for NRF24_begin
    main.o(i.main) refers to my_nrf24.o(i.NRF24_stopListening) for NRF24_stopListening
    main.o(i.main) refers to my_nrf24.o(i.NRF24_openWritingPipe) for NRF24_openWritingPipe
    main.o(i.main) refers to my_nrf24.o(i.NRF24_setAutoAck) for NRF24_setAutoAck
    main.o(i.main) refers to my_nrf24.o(i.NRF24_setChannel) for NRF24_setChannel
    main.o(i.main) refers to my_nrf24.o(i.NRF24_setPayloadSize) for NRF24_setPayloadSize
    main.o(i.main) refers to my_nrf24.o(i.NRF24_enableDynamicPayloads) for NRF24_enableDynamicPayloads
    main.o(i.main) refers to my_nrf24.o(i.NRF24_enableAckPayload) for NRF24_enableAckPayload
    main.o(i.main) refers to tasks.o(i.xTaskCreate) for xTaskCreate
    main.o(i.main) refers to cmsis_os.o(i.osKernelStart) for osKernelStart
    main.o(i.main) refers to main.o(.bss) for .bss
    main.o(i.main) refers to main.o(.data) for .data
    main.o(i.main) refers to main.o(i.Start_Task1) for Start_Task1
    main.o(i.main) refers to main.o(i.Start_Task2) for Start_Task2
    freertos.o(i.vApplicationGetIdleTaskMemory) refers to freertos.o(.bss) for .bss
[...]
    ../clib/signal.c                         0x00000000   Number         0  defsig_rtmem_inner.o ABSOLUTE
    ../clib/signal.c                         0x00000000   Number         0  defsig_exit.o ABSOLUTE
    ../clib/signal.c                         0x00000000   Number         0  defsig_rtmem_formal.o ABSOLUTE
    ../clib/signal.c                         0x00000000   Number         0  defsig_rtmem_outer.o ABSOLUTE
    ../clib/signal.c                         0x00000000   Number         0  defsig_stak_inner.o ABSOLUTE
    ../clib/signal.c                         0x00000000   Number         0  defsig_other.o ABSOLUTE
    ../clib/signal.c                         0x00000000   Number         0  defsig_segv_inner.o ABSOLUTE
    ../clib/signal.c                         0x00000000   Number         0  defsig_cppl_inner.o ABSOLUTE
    ../clib/signal.c                         0x00000000   Number         0  defsig_pvfn_inner.o ABSOLUTE
    ../clib/signal.c                         0x00000000   Number         0  defsig_rtred_inner.o ABSOLUTE
    ../clib/signal.c                         0x00000000   Number         0  defsig_fpe_inner.o ABSOLUTE
    ../clib/signal.c                         0x00000000   Number         0  defsig_abrt_inner.o ABSOLUTE
    ../clib/signal.c                         0x00000000   Number         0  defsig_general.o ABSOLUTE
    ../clib/signal.s                         0x00000000   Number         0  defsig.o ABSOLUTE
    ../clib/stdlib.c                         0x00000000   Number         0  exit.o ABSOLUTE
    ../fplib/fpinit.s                        0x00000000   Number         0  fpinit.o ABSOLUTE
    ..\Core\Src\freertos.c                   0x00000000   Number         0  freertos.o ABSOLUTE
    ..\Core\Src\main.c                       0x00000000   Number         0  main.o ABSOLUTE
    ..\Core\Src\stm32f1xx_hal_msp.c          0x00000000   Number         0  stm32f1xx_hal_msp.o ABSOLUTE
    ..\Core\Src\stm32f1xx_hal_timebase_tim.c 0x00000000   Number         0  stm32f1xx_hal_timebase_tim.o ABSOLUTE
    ..\Core\Src\stm32f1xx_it.c               0x00000000   Number         0  stm32f1xx_it.o ABSOLUTE
    ..\Core\Src\system_stm32f1xx.c           0x00000000   Number         0  system_stm32f1xx.o ABSOLUTE
    ..\Drivers\STM32F1xx_HAL_Driver\Src\stm32f1xx_hal.c 0x00000000   Number         0  stm32f1xx_hal.o ABSOLUTE
    ..\Drivers\STM32F1xx_HAL_Driver\Src\stm32f1xx_hal_cortex.c 0x00000000   Number         0  stm32f1xx_hal_cortex.o ABSOLUTE
    ..\Drivers\STM32F1xx_HAL_Driver\Src\stm32f1xx_hal_dma.c 0x00000000   Number         0  stm32f1xx_hal_dma.o ABSOLUTE
    ..\Drivers\STM32F1xx_HAL_Driver\Src\stm32f1xx_hal_exti.c 0x00000000   Number         0  stm32f1xx_hal_exti.o ABSOLUTE
    ..\Drivers\STM32F1xx_HAL_Driver\Src\stm32f1xx_hal_flash.c 0x00000000   Number         0  stm32f1xx_hal_flash.o ABSOLUTE
    ..\Drivers\STM32F1xx_HAL_Driver\Src\stm32f1xx_hal_flash_ex.c 0x00000000   Number         0  stm32f1xx_hal_flash_ex.o ABSOLUTE
    ..\Drivers\STM32F1xx_HAL_Driver\Src\stm32f1xx_hal_gpio.c 0x00000000   Number         0  stm32f1xx_hal_gpio.o ABSOLUTE
    ..\Drivers\STM32F1xx_HAL_Driver\Src\stm32f1xx_hal_gpio_ex.c 0x00000000   Number         0  stm32f1xx_hal_gpio_ex.o ABSOLUTE
    ..\Drivers\STM32F1xx_HAL_Driver\Src\stm32f1xx_hal_i2c.c 0x00000000   Number         0  stm32f1xx_hal_i2c.o ABSOLUTE
    ..\Drivers\STM32F1xx_HAL_Driver\Src\stm32f1xx_hal_pwr.c 0x00000000   Number         0  stm32f1xx_hal_pwr.o ABSOLUTE
    ..\Drivers\STM32F1xx_HAL_Driver\Src\stm32f1xx_hal_rcc.c 0x00000000   Number         0  stm32f1xx_hal_rcc.o ABSOLUTE
    ..\Drivers\STM32F1xx_HAL_Driver\Src\stm32f1xx_hal_rcc_ex.c 0x00000000   Number         0  stm32f1xx_hal_rcc_ex.o ABSOLUTE
    ..\Drivers\STM32F1xx_HAL_Driver\Src\stm32f1xx_hal_spi.c 0x00000000   Number         0  stm32f1xx_hal_spi.o ABSOLUTE
    ..\Drivers\STM32F1xx_HAL_Driver\Src\stm32f1xx_hal_tim.c 0x00000000   Number         0  stm32f1xx_hal_tim.o ABSOLUTE
    ..\Drivers\STM32F1xx_HAL_Driver\Src\stm32f1xx_hal_tim_ex.c 0x00000000   Number         0  stm32f1xx_hal_tim_ex.o ABSOLUTE
    ..\LIB\MPU6050.c                         0x00000000   Number         0  mpu6050.o ABSOLUTE
    ..\LIB\MY_NRF24.c                        0x00000000   Number         0  my_nrf24.o ABSOLUTE
    ..\Middlewares\Third_Party\FreeRTOS\Source\CMSIS_RTOS\cmsis_os.c 0x00000000   Number         0  cmsis_os.o ABSOLUTE
    ..\Middlewares\Third_Party\FreeRTOS\Source\portable\RVDS\ARM_CM3\port.c 0x00000000   Number         0  port.o ABSOLUTE
    ..\\LIB\\MPU6050.c                       0x00000000   Number         0  mpu6050.o ABSOLUTE
    ..\\LIB\\MY_NRF24.c                      0x00000000   Number         0  my_nrf24.o ABSOLUTE
    dc.s                                     0x00000000   Number         0  dc.o ABSOLUTE
    startup_stm32f103xb.s                    0x00000000   Number         0  startup_stm32f103xb.o ABSOLUTE
    RESET                                    0x08000000   Section      236  startup_stm32f103xb.o(RESET)
    !!!main                                  0x080000ec   Section        8  __main.o(!!!main)
    !!!scatter                               0x080000f4   Section       52  __scatter.o(!!!scatter)
    !!handler_copy                           0x08000128   Section       26  __scatter_copy.o(!!handler_copy)
    !!handler_zi                             0x08000144   Section       28  __scatter_zi.o(!!handler_zi)
    .ARM.Collect$$libinit$$00000000          0x08000160   Section        2  libinit.o(.ARM.Collect$$libinit$$00000000)
    .ARM.Collect$$libinit$$00000002          0x08000162   Section        0  libinit2.o(.ARM.Collect$$libinit$$00000002)
    .ARM.Collect$$libinit$$00000004          0x08000162   Section        0  libinit2.o(.ARM.Collect$$libinit$$00000004)
    .ARM.Collect$$libinit$$0000000A          0x08000162   Section        0  libinit2.o(.ARM.Collect$$libinit$$0000000A)
    .ARM.Collect$$libinit$$0000000C          0x08000162   Section        0  libinit2.o(.ARM.Collect$$libinit$$0000000C)
    .ARM.Collect$$libinit$$0000000E          0x08000162   Section        0  libinit2.o(.ARM.Collect$$libinit$$0000000E)
    .ARM.Collect$$libinit$$00000011          0x08000162   Section        0  libinit2.o(.ARM.Collect$$libinit$$00000011)
    .ARM.Collect$$libinit$$00000013          0x08000162   Section        0  libinit2.o(.ARM.Collect$$libinit$$00000013)
    .ARM.Collect$$libinit$$00000015          0x08000162   Section        0  libinit2.o(.ARM.Collect$$libinit$$00000015)
    .ARM.Collect$$libinit$$00000017          0x08000162   Section        0  libinit2.o(.ARM.Collect$$libinit$$00000017)
    .ARM.Collect$$libinit$$00000019          0x08000162   Section        0  libinit2.o(.ARM.Collect$$libinit$$00000019)
    .ARM.Collect$$libinit$$0000001B          0x08000162   Section        0  libinit2.o(.ARM.Collect$$libinit$$0000001B)
    .ARM.Collect$$libinit$$0000001D          0x08000162   Section        0  libinit2.o(.ARM.Collect$$libinit$$0000001D)
    .ARM.Collect$$libinit$$0000001F          0x08000162   Section        0  libinit2.o(.ARM.Collect$$libinit$$0000001F)
    .ARM.Collect$$libinit$$00000021          0x08000162   Section        0  libinit2.o(.ARM.Collect$$libinit$$00000021)
    .ARM.Collect$$libinit$$00000023          0x08000162   Section        0  libinit2.o(.ARM.Collect$$libinit$$00000023)
    .ARM.Collect$$libinit$$00000025          0x08000162   Section        0  libinit2.o(.ARM.Collect$$libinit$$00000025)
    .ARM.Collect$$libinit$$0000002C          0x08000162   Section        0  libinit2.o(.ARM.Collect$$libinit$$0000002C)
    .ARM.Collect$$libinit$$0000002E          0x08000162   Section        0  libinit2.o(.ARM.Collect$$libinit$$0000002E)
    .ARM.Collect$$libinit$$00000030          0x08000162   Section        0  libinit2.o(.ARM.Collect$$libinit$$00000030)
    .ARM.Collect$$libinit$$00000032          0x08000162   Section        0  libinit2.o(.ARM.Collect$$libinit$$00000032)
    .ARM.Collect$$libinit$$00000033          0x08000162   Section        2  libinit2.o(.ARM.Collect$$libinit$$00000033)
    .ARM.Collect$$libshutdown$$00000000      0x08000164   Section        2  libshutdown.o(.ARM.Collect$$libshutdown$$00000000)
    .ARM.Collect$$libshutdown$$00000002      0x08000166   Section        0  libshutdown2.o(.ARM.Collect$$libshutdown$$00000002)
    .ARM.Collect$$libshutdown$$00000004      0x08000166   Section        0  libshutdown2.o(.ARM.Collect$$libshutdown$$00000004)
    .ARM.Collect$$libshutdown$$00000007      0x08000166   Section        0  libshutdown2.o(.ARM.Collect$$libshutdown$$00000007)
    .ARM.Collect$$libshutdown$$0000000A      0x08000166   Section        0  libshutdown2.o(.ARM.Collect$$libshutdown$$0000000A)
    .ARM.Collect$$libshutdown$$0000000C      0x08000166   Section        0  libshutdown2.o(.ARM.Collect$$libshutdown$$0000000C)
    .ARM.Collect$$libshutdown$$0000000F      0x08000166   Section        0  libshutdown2.o(.ARM.Collect$$libshutdown$$0000000F)
    .ARM.Collect$$libshutdown$$00000010      0x08000166   Section        2  libshutdown2.o(.ARM.Collect$$libshutdown$$00000010)
    .ARM.Collect$$rtentry$$00000000          0x08000168   Section        0  __rtentry.o(.ARM.Collect$$rtentry$$00000000)
    .ARM.Collect$$rtentry$$00000002          0x08000168   Section        0  __rtentry2.o(.ARM.Collect$$rtentry$$00000002)
    .ARM.Collect$$rtentry$$00000004          0x08000168   Section        6  __rtentry4.o(.ARM.Collect$$rtentry$$00000004)
    .ARM.Collect$$rtentry$$00000009          0x0800016e   Section        0  __rtentry2.o(.ARM.Collect$$rtentry$$00000009)
    .ARM.Collect$$rtentry$$0000000A          0x0800016e   Section        4  __rtentry2.o(.ARM.Collect$$rtentry$$0000000A)
    .ARM.Collect$$rtentry$$0000000C          0x08000172   Section        0  __rtentry2.o(.ARM.Collect$$rtentry$$0000000C)
    .ARM.Collect$$rtentry$$0000000D          0x08000172   Section        8  __rtentry2.o(.ARM.Collect$$rtentry$$0000000D)
    .ARM.Collect$$rtexit$$00000000           0x0800017a   Section        2  rtexit.o(.ARM.Collect$$rtexit$$00000000)
    .ARM.Collect$$rtexit$$00000002           0x0800017c   Section        0  rtexit2.o(.ARM.Collect$$rtexit$$00000002)
    .ARM.Collect$$rtexit$$00000003           0x0800017c   Section        4  rtexit2.o(.ARM.Collect$$rtexit$$00000003)
    .ARM.Collect$$rtexit$$00000004           0x08000180   Section        6  rtexit2.o(.ARM.Collect$$rtexit$$00000004)
    .emb_text                                0x08000188   Section      150  port.o(.emb_text)
    .text                                    0x08000220   Section       64  startup_stm32f103xb.o(.text)
    .text                                    0x08000260   Section      100  rt_memcpy_w.o(.text)
    .text                                    0x080002c4   Section       78  rt_memclr_w.o(.text)
    .text                                    0x08000312   Section        0  heapauxi.o(.text)
    .text                                    0x08000318   Section       74  sys_stackheap_outer.o(.text)
    .text                                    0x08000362   Section        0  exit.o(.text)
    .text                                    0x08000374   Section        8  libspace.o(.text)
    .text                                    0x0800037c   Section        0  sys_exit.o(.text)
    .text                                    0x08000388   Section        2  use_no_semi.o(.text)
    .text                                    0x0800038a   Section        0  indicate_semi.o(.text)
    i.BusFault_Handler                       0x0800038a   Section        0  stm32f1xx_it.o(i.BusFault_Handler)
    i.DebugMon_Handler                       0x0800038c   Section        0  stm32f1xx_it.o(i.DebugMon_Handler)
    i.HAL_Delay                              0x08000390   Section        0  stm32f1xx_hal.o(i.HAL_Delay)
    i.HAL_GPIO_Init                          0x080003b4   Section        0  stm32f1xx_hal_gpio.o(i.HAL_GPIO_Init)
    i.HAL_GPIO_WritePin                      0x08000594   Section        0  stm32f1xx_hal_gpio.o(i.HAL_GPIO_WritePin)
    i.HAL_GetTick                            0x080005a0   Section        0  stm32f1xx_hal.o(i.HAL_GetTick)
    i.HAL_I2C_Init                           0x080005ac   Section        0  stm32f1xx_hal_i2c.o(i.HAL_I2C_Init)
    i.HAL_I2C_IsDeviceReady                  0x08000734   Section        0  stm32f1xx_hal_i2c.o(i.HAL_I2C_IsDeviceReady)
    i.HAL_I2C_Mem_Read                       0x080008a0   Section        0  stm32f1xx_hal_i2c.o(i.HAL_I2C_Mem_Read)
    i.HAL_I2C_Mem_Write                      0x08000af0   Section        0  stm32f1xx_hal_i2c.o(i.HAL_I2C_Mem_Write)
    i.HAL_I2C_MspInit                        0x08000c20   Section        0  stm32f1xx_hal_msp.o(i.HAL_I2C_MspInit)
    i.HAL_IncTick                            0x08000c7c   Section        0  stm32f1xx_hal.o(i.HAL_IncTick)
    i.HAL_Init                               0x08000c8c   Section        0  stm32f1xx_hal.o(i.HAL_Init)
    i.HAL_InitTick                           0x08000cb0   Section        0  stm32f1xx_hal_timebase_tim.o(i.HAL_InitTick)
    i.HAL_MspInit                            0x08000d48   Section        0  stm32f1xx_hal_msp.o(i.HAL_MspInit)
    i.HAL_NVIC_EnableIRQ                     0x08000d90   Section        0  stm32f1xx_hal_cortex.o(i.HAL_NVIC_EnableIRQ)
    i.HAL_NVIC_SetPriority                   0x08000dac   Section        0  stm32f1xx_hal_cortex.o(i.HAL_NVIC_SetPriority)
    i.HAL_NVIC_SetPriorityGrouping           0x08000dec   Section        0  stm32f1xx_hal_cortex.o(i.HAL_NVIC_SetPriorityGrouping)
    i.HAL_RCC_ClockConfig                    0x08000e10   Section        0  stm32f1xx_hal_rcc.o(i.HAL_RCC_ClockConfig)
    i.HAL_RCC_GetClockConfig                 0x08000f3c   Section        0  stm32f1xx_hal_rcc.o(i.HAL_RCC_GetClockConfig)
    i.HAL_RCC_GetPCLK1Freq                   0x08000f7c   Section        0  stm32f1xx_hal_rcc.o(i.HAL_RCC_GetPCLK1Freq)
    i.HAL_RCC_GetSysClockFreq                0x08000f9c   Section        0  stm32f1xx_hal_rcc.o(i.HAL_RCC_GetSysClockFreq)
    i.HAL_RCC_OscConfig                      0x08000fe8   Section        0  stm32f1xx_hal_rcc.o(i.HAL_RCC_OscConfig)
    i.HAL_SPI_Init                           0x08001308   Section        0  stm32f1xx_hal_spi.o(i.HAL_SPI_Init)
    i.HAL_SPI_MspInit                        0x080013bc   Section        0  stm32f1xx_hal_msp.o(i.HAL_SPI_MspInit)
    i.HAL_SPI_Receive                        0x0800142c   Section        0  stm32f1xx_hal_spi.o(i.HAL_SPI_Receive)
    i.HAL_SPI_Transmit                       0x08001582   Section        0  stm32f1xx_hal_spi.o(i.HAL_SPI_Transmit)
    i.HAL_SPI_TransmitReceive                0x080016f0   Section        0  stm32f1xx_hal_spi.o(i.HAL_SPI_TransmitReceive)
    i.HAL_TIMEx_BreakCallback                0x080018de   Section        0  stm32f1xx_hal_tim_ex.o(i.HAL_TIMEx_BreakCallback)
    i.HAL_TIMEx_CommutCallback               0x080018e0   Section        0  stm32f1xx_hal_tim_ex.o(i.HAL_TIMEx_CommutCallback)
    i.HAL_TIM_Base_Init                      0x080018e2   Section        0  stm32f1xx_hal_tim.o(i.HAL_TIM_Base_Init)
    i.HAL_TIM_Base_MspInit                   0x0800193c   Section        0  stm32f1xx_hal_tim.o(i.HAL_TIM_Base_MspInit)
    i.HAL_TIM_Base_Start_IT                  0x08001940   Section        0  stm32f1xx_hal_tim.o(i.HAL_TIM_Base_Start_IT)
    i.HAL_TIM_IC_CaptureCallback             0x08001998   Section        0  stm32f1xx_hal_tim.o(i.HAL_TIM_IC_CaptureCallback)
    i.HAL_TIM_IRQHandler                     0x0800199a   Section        0  stm32f1xx_hal_tim.o(i.HAL_TIM_IRQHandler)
    i.HAL_TIM_OC_DelayElapsedCallback        0x08001b00   Section        0  stm32f1xx_hal_tim.o(i.HAL_TIM_OC_DelayElapsedCallback)
    i.HAL_TIM_PWM_PulseFinishedCallback      0x08001b02   Section        0  stm32f1xx_hal_tim.o(i.HAL_TIM_PWM_PulseFinishedCallback)
    i.HAL_TIM_PeriodElapsedCallback          0x08001b04   Section        0  main.o(i.HAL_TIM_PeriodElapsedCallback)
    i.HAL_TIM_TriggerCallback                0x08001b18   Section        0  stm32f1xx_hal_tim.o(i.HAL_TIM_TriggerCallback)
    i.HardFault_Handler                      0x08001b1a   Section        0  stm32f1xx_it.o(i.HardFault_Handler)
    i.I2C_IsAcknowledgeFailed                0x08001b1c   Section        0  stm32f1xx_hal_i2c.o(i.I2C_IsAcknowledgeFailed)
    I2C_IsAcknowledgeFailed                  0x08001b1d   Thumb Code    46  stm32f1xx_hal_i2c.o(i.I2C_IsAcknowledgeFailed)
    i.I2C_RequestMemoryRead                  0x08001b4c   Section        0  stm32f1xx_hal_i2c.o(i.I2C_RequestMemoryRead)
    I2C_RequestMemoryRead                    0x08001b4d   Thumb Code   246  stm32f1xx_hal_i2c.o(i.I2C_RequestMemoryRead)
    i.I2C_RequestMemoryWrite                 0x08001c48   Section        0  stm32f1xx_hal_i2c.o(i.I2C_RequestMemoryWrite)
    I2C_RequestMemoryWrite                   0x08001c49   Thumb Code   162  stm32f1xx_hal_i2c.o(i.I2C_RequestMemoryWrite)
    i.I2C_WaitOnBTFFlagUntilTimeout          0x08001cf0   Section        0  stm32f1xx_hal_i2c.o(i.I2C_WaitOnBTFFlagUntilTimeout)
    I2C_WaitOnBTFFlagUntilTimeout            0x08001cf1   Thumb Code    86  stm32f1xx_hal_i2c.o(i.I2C_WaitOnBTFFlagUntilTimeout)
    i.I2C_WaitOnFlagUntilTimeout             0x08001d48   Section        0  stm32f1xx_hal_i2c.o(i.I2C_WaitOnFlagUntilTimeout)
    I2C_WaitOnFlagUntilTimeout               0x08001d49   Thumb Code   144  stm32f1xx_hal_i2c.o(i.I2C_WaitOnFlagUntilTimeout)
    i.I2C_WaitOnMasterAddressFlagUntilTimeout 0x08001dd8   Section        0  stm32f1xx_hal_i2c.o(i.I2C_WaitOnMasterAddressFlagUntilTimeout)
    I2C_WaitOnMasterAddressFlagUntilTimeout  0x08001dd9   Thumb Code   188  stm32f1xx_hal_i2c.o(i.I2C_WaitOnMasterAddressFlagUntilTimeout)
    i.I2C_WaitOnRXNEFlagUntilTimeout         0x08001e94   Section        0  stm32f1xx_hal_i2c.o(i.I2C_WaitOnRXNEFlagUntilTimeout)
    I2C_WaitOnRXNEFlagUntilTimeout           0x08001e95   Thumb Code   112  stm32f1xx_hal_i2c.o(i.I2C_WaitOnRXNEFlagUntilTimeout)
    i.I2C_WaitOnTXEFlagUntilTimeout          0x08001f04   Section        0  stm32f1xx_hal_i2c.o(i.I2C_WaitOnTXEFlagUntilTimeout)
    I2C_WaitOnTXEFlagUntilTimeout            0x08001f05   Thumb Code    86  stm32f1xx_hal_i2c.o(i.I2C_WaitOnTXEFlagUntilTimeout)
    i.MX_GPIO_Init                           0x08001f5c   Section        0  main.o(i.MX_GPIO_Init)
    MX_GPIO_Init                             0x08001f5d   Thumb Code   194  main.o(i.MX_GPIO_Init)
    i.MX_SPI1_Init                           0x08002030   Section        0  main.o(i.MX_SPI1_Init)
    MX_SPI1_Init                             0x08002031   Thumb Code    56  main.o(i.MX_SPI1_Init)
    i.MemManage_Handler                      0x08002070   Section        0  stm32f1xx_it.o(i.MemManage_Handler)
    i.NMI_Handler                            0x08002072   Section        0  stm32f1xx_it.o(i.NMI_Handler)
    i.NRF24_ACTIVATE_cmd                     0x08002074   Section        0  my_nrf24.o(i.NRF24_ACTIVATE_cmd)
    i.NRF24_DelayMicroSeconds                0x080020a0   Section        0  my_nrf24.o(i.NRF24_DelayMicroSeconds)
    i.NRF24_availablePipe                    0x080020bc   Section        0  my_nrf24.o(i.NRF24_availablePipe)
    i.NRF24_begin                            0x080020ec   Section        0  my_nrf24.o(i.NRF24_begin)
    i.NRF24_ce                               0x08002274   Section        0  my_nrf24.o(i.NRF24_ce)
    i.NRF24_csn                              0x08002288   Section        0  my_nrf24.o(i.NRF24_csn)
    i.NRF24_disableDynamicPayloads           0x0800229c   Section        0  my_nrf24.o(i.NRF24_disableDynamicPayloads)
    i.NRF24_enableAckPayload                 0x080022c4   Section        0  my_nrf24.o(i.NRF24_enableAckPayload)
    i.NRF24_enableDynamicPayloads            0x08002308   Section        0  my_nrf24.o(i.NRF24_enableDynamicPayloads)
    i.NRF24_flush_rx                         0x08002354   Section        0  my_nrf24.o(i.NRF24_flush_rx)
    i.NRF24_flush_tx                         0x0800235c   Section        0  my_nrf24.o(i.NRF24_flush_tx)
    i.NRF24_getDynamicPayloadSize            0x08002364   Section        0  my_nrf24.o(i.NRF24_getDynamicPayloadSize)
    i.NRF24_get_status                       0x0800236a   Section        0  my_nrf24.o(i.NRF24_get_status)
    i.NRF24_openWritingPipe                  0x08002370   Section        0  my_nrf24.o(i.NRF24_openWritingPipe)
    i.NRF24_powerDown                        0x0800239c   Section        0  my_nrf24.o(i.NRF24_powerDown)
    i.NRF24_read_register                    0x080023b4   Section        0  my_nrf24.o(i.NRF24_read_register)
    i.NRF24_read_registerN                   0x080023f4   Section        0  my_nrf24.o(i.NRF24_read_registerN)
    i.NRF24_resetStatus                      0x08002430   Section        0  my_nrf24.o(i.NRF24_resetStatus)
    i.NRF24_setAutoAck                       0x08002438   Section        0  my_nrf24.o(i.NRF24_setAutoAck)
    i.NRF24_setCRCLength                     0x08002446   Section        0  my_nrf24.o(i.NRF24_setCRCLength)
    i.NRF24_setChannel                       0x0800246e   Section        0  my_nrf24.o(i.NRF24_setChannel)
    i.NRF24_setDataRate                      0x0800247c   Section        0  my_nrf24.o(i.NRF24_setDataRate)
    i.NRF24_setPALevel                       0x080024d8   Section        0  my_nrf24.o(i.NRF24_setPALevel)
    i.NRF24_setPayloadSize                   0x08002514   Section        0  my_nrf24.o(i.NRF24_setPayloadSize)
    i.NRF24_setRetries                       0x08002524   Section        0  my_nrf24.o(i.NRF24_setRetries)
    i.NRF24_startWrite                       0x08002532   Section        0  my_nrf24.o(i.NRF24_startWrite)
    i.NRF24_stopListening                    0x0800257c   Section        0  my_nrf24.o(i.NRF24_stopListening)
    i.NRF24_whatHappened                     0x08002590   Section        0  my_nrf24.o(i.NRF24_whatHappened)
    i.NRF24_write                            0x080025c4   Section        0  my_nrf24.o(i.NRF24_write)
    i.NRF24_write_payload                    0x08002628   Section        0  my_nrf24.o(i.NRF24_write_payload)
    i.NRF24_write_register                   0x08002660   Section        0  my_nrf24.o(i.NRF24_write_register)
    i.NRF24_write_registerN                  0x08002690   Section        0  my_nrf24.o(i.NRF24_write_registerN)
    i.SPI_EndRxTransaction                   0x080026cc   Section        0  stm32f1xx_hal_spi.o(i.SPI_EndRxTransaction)
    SPI_EndRxTransaction                     0x080026cd   Thumb Code    92  stm32f1xx_hal_spi.o(i.SPI_EndRxTransaction)
    i.SPI_EndRxTxTransaction                 0x08002728   Section        0  stm32f1xx_hal_spi.o(i.SPI_EndRxTxTransaction)
    SPI_EndRxTxTransaction                   0x08002729   Thumb Code    32  stm32f1xx_hal_spi.o(i.SPI_EndRxTxTransaction)
    i.SPI_WaitFlagStateUntilTimeout          0x08002748   Section        0  stm32f1xx_hal_spi.o(i.SPI_WaitFlagStateUntilTimeout)
    SPI_WaitFlagStateUntilTimeout            0x08002749   Thumb Code   180  stm32f1xx_hal_spi.o(i.SPI_WaitFlagStateUntilTimeout)
    i.Start_Task1                            0x08002800   Section        0  main.o(i.Start_Task1)
    i.Start_Task2                            0x08002824   Section        0  main.o(i.Start_Task2)
    i.SysTick_Handler                        0x080028e0   Section        0  port.o(i.SysTick_Handler)
    i.SystemClock_Config                     0x0800290c   Section        0  main.o(i.SystemClock_Config)
    i.SystemInit                             0x0800295c   Section        0  system_stm32f1xx.o(i.SystemInit)
    i.TIM4_IRQHandler                        0x08002960   Section        0  stm32f1xx_it.o(i.TIM4_IRQHandler)
    i.TIM_Base_SetConfig                     0x0800296c   Section        0  stm32f1xx_hal_tim.o(i.TIM_Base_SetConfig)
    i.UsageFault_Handler                     0x080029d8   Section        0  stm32f1xx_it.o(i.UsageFault_Handler)
    i.__NVIC_SetPriority                     0x080029da   Section        0  stm32f1xx_hal_cortex.o(i.__NVIC_SetPriority)
    __NVIC_SetPriority                       0x080029db   Thumb Code    32  stm32f1xx_hal_cortex.o(i.__NVIC_SetPriority)
    i.main                                   0x080029fc   Section        0  main.o(i.main)
    i.mpu6050_init                           0x08002b14   Section        0  mpu6050.o(i.mpu6050_init)
    i.mpu6050_read_x                         0x08002b78   Section        0  mpu6050.o(i.mpu6050_read_x)
    i.mpu6050_read_y                         0x08002ba8   Section        0  mpu6050.o(i.mpu6050_read_y)
    i.osDelay                                0x08002bd8   Section        0  cmsis_os.o(i.osDelay)
    i.osKernelStart                          0x08002be6   Section        0  cmsis_os.o(i.osKernelStart)
    i.prvAddCurrentTaskToDelayedList         0x08002bf0   Section        0  tasks.o(i.prvAddCurrentTaskToDelayedList)
    prvAddCurrentTaskToDelayedList           0x08002bf1   Thumb Code   102  tasks.o(i.prvAddCurrentTaskToDelayedList)
    i.prvAddNewTaskToReadyList               0x08002c60   Section        0  tasks.o(i.prvAddNewTaskToReadyList)
    prvAddNewTaskToReadyList                 0x08002c61   Thumb Code   194  tasks.o(i.prvAddNewTaskToReadyList)
    i.prvDeleteTCB                           0x08002d30   Section        0  tasks.o(i.prvDeleteTCB)
    prvDeleteTCB                             0x08002d31   Thumb Code    52  tasks.o(i.prvDeleteTCB)
    i.prvHeapInit                            0x08002d64   Section        0  heap_4.o(i.prvHeapInit)
    prvHeapInit                              0x08002d65   Thumb Code    66  heap_4.o(i.prvHeapInit)
    i.prvIdleTask                            0x08002db0   Section        0  tasks.o(i.prvIdleTask)
    prvIdleTask                              0x08002db1   Thumb Code    82  tasks.o(i.prvIdleTask)
    i.prvInitialiseNewTask                   0x08002e10   Section        0  tasks.o(i.prvInitialiseNewTask)
    prvInitialiseNewTask                     0x08002e11   Thumb Code   142  tasks.o(i.prvInitialiseNewTask)
    i.prvInsertBlockIntoFreeList             0x08002ea0   Section        0  heap_4.o(i.prvInsertBlockIntoFreeList)
    prvInsertBlockIntoFreeList               0x08002ea1   Thumb Code    72  heap_4.o(i.prvInsertBlockIntoFreeList)
    i.prvResetNextTaskUnblockTime            0x08002eec   Section        0  tasks.o(i.prvResetNextTaskUnblockTime)
    prvResetNextTaskUnblockTime              0x08002eed   Thumb Code    26  tasks.o(i.prvResetNextTaskUnblockTime)
    i.prvTaskExitError                       0x08002f0c   Section        0  port.o(i.prvTaskExitError)
    prvTaskExitError                         0x08002f0d   Thumb Code    36  port.o(i.prvTaskExitError)
    i.pvPortMalloc                           0x08002f34   Section        0  heap_4.o(i.pvPortMalloc)
    i.pxPortInitialiseStack                  0x0800300c   Section        0  port.o(i.pxPortInitialiseStack)
    i.uxListRemove                           0x08003030   Section        0  list.o(i.uxListRemove)
    i.vApplicationGetIdleTaskMemory          0x08003058   Section        0  freertos.o(i.vApplicationGetIdleTaskMemory)
    i.vListInitialise                        0x0800306c   Section        0  list.o(i.vListInitialise)
    i.vListInitialiseItem                    0x08003082   Section        0  list.o(i.vListInitialiseItem)
    i.vListInsert                            0x08003088   Section        0  list.o(i.vListInsert)
    i.vListInsertEnd                         0x080030b8   Section        0  list.o(i.vListInsertEnd)
    i.vPortEnterCritical                     0x080030d0   Section        0  port.o(i.vPortEnterCritical)
    i.vPortExitCritical                      0x08003110   Section        0  port.o(i.vPortExitCritical)
    i.vPortFree                              0x08003138   Section        0  heap_4.o(i.vPortFree)
    i.vPortSetupTimerInterrupt               0x08003194   Section        0  port.o(i.vPortSetupTimerInterrupt)
    i.vTaskDelay                             0x080031b8   Section        0  tasks.o(i.vTaskDelay)
    i.vTaskStartScheduler                    0x08003204   Section        0  tasks.o(i.vTaskStartScheduler)
    i.vTaskSuspendAll                        0x08003270   Section        0  tasks.o(i.vTaskSuspendAll)
    i.vTaskSwitchContext                     0x08003280   Section        0  tasks.o(i.vTaskSwitchContext)
    i.xPortStartScheduler                    0x080032dc   Section        0  port.o(i.xPortStartScheduler)
    i.xTaskCreate                            0x08003384   Section        0  tasks.o(i.xTaskCreate)
    i.xTaskCreateStatic                      0x080033de   Section        0  tasks.o(i.xTaskCreateStatic)
    i.xTaskIncrementTick                     0x08003434   Section        0  tasks.o(i.xTaskIncrementTick)
    i.xTaskResumeAll                         0x080034fc   Section        0  tasks.o(i.xTaskResumeAll)
    .constdata                               0x080035c0   Section       18  stm32f1xx_hal_rcc.o(.constdata)
    aPredivFactorTable                       0x080035c0   Data           2  stm32f1xx_hal_rcc.o(.constdata)
    aPLLMULFactorTable                       0x080035c2   Data          16  stm32f1xx_hal_rcc.o(.constdata)
    .constdata                               0x080035d2   Section       16  system_stm32f1xx.o(.constdata)
    .constdata                               0x080035e2   Section        8  system_stm32f1xx.o(.constdata)
    .data                                    0x20000000   Section       24  main.o(.data)
    .data                                    0x20000018   Section       12  stm32f1xx_hal.o(.data)
    .data                                    0x20000024   Section        4  system_stm32f1xx.o(.data)
    .data                                    0x20000028   Section       24  my_nrf24.o(.data)
    ack_payload_available                    0x20000028   Data           1  my_nrf24.o(.data)
    ack_payload_length                       0x20000029   Data           1  my_nrf24.o(.data)
    payload_size                             0x2000002a   Data           1  my_nrf24.o(.data)
    dynamic_payloads_enabled                 0x2000002b   Data           1  my_nrf24.o(.data)
    p_variant                                0x2000002c   Data           1  my_nrf24.o(.data)
    wide_band                                0x2000002d   Data           1  my_nrf24.o(.data)
    nrf24_CSN_PIN                            0x2000002e   Data           2  my_nrf24.o(.data)
    nrf24_CE_PIN                             0x20000030   Data           2  my_nrf24.o(.data)
    nrf24_PORT                               0x20000034   Data           4  my_nrf24.o(.data)
    pipe0_reading_address                    0x20000038   Data           8  my_nrf24.o(.data)
    .data                                    0x20000040   Section       60  tasks.o(.data)
    pxDelayedTaskList                        0x20000044   Data           4  tasks.o(.data)
    pxOverflowDelayedTaskList                0x20000048   Data           4  tasks.o(.data)
    uxDeletedTasksWaitingCleanUp             0x2000004c   Data           4  tasks.o(.data)
    uxCurrentNumberOfTasks                   0x20000050   Data           4  tasks.o(.data)
    xTickCount                               0x20000054   Data           4  tasks.o(.data)
    uxTopReadyPriority                       0x20000058   Data           4  tasks.o(.data)
    xSchedulerRunning                        0x2000005c   Data           4  tasks.o(.data)
    uxPendedTicks                            0x20000060   Data           4  tasks.o(.data)
    xYieldPending                            0x20000064   Data           4  tasks.o(.data)
    xNumOfOverflows                          0x20000068   Data           4  tasks.o(.data)
    uxTaskNumber                             0x2000006c   Data           4  tasks.o(.data)
    xNextTaskUnblockTime                     0x20000070   Data           4  tasks.o(.data)
    xIdleTaskHandle                          0x20000074   Data           4  tasks.o(.data)
    uxSchedulerSuspended                     0x20000078   Data           4  tasks.o(.data)
    .data                                    0x2000007c   Section       24  heap_4.o(.data)
    pxEnd                                    0x2000007c   Data           4  heap_4.o(.data)
    xFreeBytesRemaining                      0x20000080   Data           4  heap_4.o(.data)
    xMinimumEverFreeBytesRemaining           0x20000084   Data           4  heap_4.o(.data)
    xBlockAllocatedBit                       0x20000088   Data           4  heap_4.o(.data)
    xStart                                   0x2000008c   Data           8  heap_4.o(.data)
    .data                                    0x20000094   Section       12  port.o(.data)
    ucMaxSysCallPriority                     0x20000094   Data           1  port.o(.data)
    uxCriticalNesting                        0x20000098   Data           4  port.o(.data)
    ulMaxPRIGROUPValue                       0x2000009c   Data           4  port.o(.data)
    .bss                                     0x200000a0   Section      204  main.o(.bss)
    .bss                                     0x2000016c   Section      596  freertos.o(.bss)
    xIdleTaskTCBBuffer                       0x2000016c   Data          84  freertos.o(.bss)
    xIdleStack                               0x200001c0   Data         512  freertos.o(.bss)
    .bss                                     0x200003c0   Section       72  stm32f1xx_hal_timebase_tim.o(.bss)
    .bss                                     0x20000408   Section       88  my_nrf24.o(.bss)
    nrf24_hspi                               0x20000408   Data          88  my_nrf24.o(.bss)
    .bss                                     0x20000460   Section      240  tasks.o(.bss)
    pxReadyTasksLists                        0x20000460   Data         140  tasks.o(.bss)
    xDelayedTaskList1                        0x200004ec   Data          20  tasks.o(.bss)
    xDelayedTaskList2                        0x20000500   Data          20  tasks.o(.bss)
    xPendingReadyList                        0x20000514   Data          20  tasks.o(.bss)
    xTasksWaitingTermination                 0x20000528   Data          20  tasks.o(.bss)
    xSuspendedTaskList                       0x2000053c   Data          20  tasks.o(.bss)
    .bss                                     0x20000550   Section     3072  heap_4.o(.bss)
    ucHeap                                   0x20000550   Data        3072  heap_4.o(.bss)
    .bss                                     0x20001150   Section       96  libspace.o(.bss)
    HEAP                                     0x200011b0   Section      512  startup_stm32f103xb.o(HEAP)
    Heap_Mem                                 0x200011b0   Data         512  startup_stm32f103xb.o(HEAP)
    STACK                                    0x200013b0   Section     1024  startup_stm32f103xb.o(STACK)
    Stack_Mem                                0x200013b0   Data        1024  startup_stm32f103xb.o(STACK)
    __initial_sp                             0x200017b0   Data           0  startup_stm32f103xb.o(STACK)

    Global Symbols

    Symbol Name                              Value     Ov Type        Size  Object(Section)

    BuildAttributes$$THM_ISAv4$P$D$K$B$S$PE$A:L22UL41UL21$X:L11$S22US41US21$IEEE1$IW$USESV6$~STKCKD$USESV7$~SHL$OSPACE$ROPI$EBA8$UX$STANDARDLIB$REQ8$PRES8$EABIv2 0x00000000   Number         0  anon$$obj.o ABSOLUTE
    __ARM_use_no_argv                        0x00000000   Number         0  main.o ABSOLUTE
    __ARM_exceptions_init                     - Undefined Weak Reference
    __alloca_initialize                       - Undefined Weak Reference
    __arm_preinit_                            - Undefined Weak Reference
    __cpp_initialize__aeabi_                  - Undefined Weak Reference
    __cxa_finalize                            - Undefined Weak Reference
    __rt_locale                               - Undefined Weak Reference
    __sigvec_lookup                           - Undefined Weak Reference
    _atexit_init                              - Undefined Weak Reference
    _call_atexit_fns                          - Undefined Weak Reference
    _clock_init                               - Undefined Weak Reference
    _fp_trap_init                             - Undefined Weak Reference
    _fp_trap_shutdown                         - Undefined Weak Reference
    _get_lc_collate                           - Undefined Weak Reference
    _get_lc_ctype                             - Undefined Weak Reference
    _get_lc_monetary                          - Undefined Weak Reference
    _get_lc_numeric                           - Undefined Weak Reference
    _get_lc_time                              - Undefined Weak Reference
    _getenv_init                              - Undefined Weak Reference
    _handle_redirection                       - Undefined Weak Reference
    _init_alloc                               - Undefined Weak Reference
    _init_user_alloc                          - Undefined Weak Reference
    _initio                                   - Undefined Weak Reference
    _rand_init                                - Undefined Weak Reference
    _signal_finish                            - Undefined Weak Reference
    _signal_init                              - Undefined Weak Reference
    _terminate_alloc                          - Undefined Weak Reference
    _terminate_user_alloc                     - Undefined Weak Reference
    _terminateio                              - Undefined Weak Reference
    __Vectors_Size                           0x000000ec   Number         0  startup_stm32f103xb.o ABSOLUTE
    __Vectors                                0x08000000   Data           4  startup_stm32f103xb.o(RESET)
    __Vectors_End                            0x080000ec   Data           0  startup_stm32f103xb.o(RESET)
    __main                                   0x080000ed   Thumb Code     8  __main.o(!!!main)
    __scatterload                            0x080000f5   Thumb Code     0  __scatter.o(!!!scatter)
    __scatterload_rt2                        0x080000f5   Thumb Code    44  __scatter.o(!!!scatter)
    __scatterload_rt2_thumb_only             0x080000f5   Thumb Code     0  __scatter.o(!!!scatter)
    __scatterload_null                       0x08000103   Thumb Code     0  __scatter.o(!!!scatter)
    __scatterload_copy                       0x08000129   Thumb Code    26  __scatter_copy.o(!!handler_copy)
    __scatterload_zeroinit                   0x08000145   Thumb Code    28  __scatter_zi.o(!!handler_zi)
    __rt_lib_init                            0x08000161   Thumb Code     0  libinit.o(.ARM.Collect$$libinit$$00000000)
    __rt_lib_init_alloca_1                   0x08000163   Thumb Code     0  libinit2.o(.ARM.Collect$$libinit$$0000002E)
    __rt_lib_init_argv_1                     0x08000163   Thumb Code     0  libinit2.o(.ARM.Collect$$libinit$$0000002C)
    __rt_lib_init_atexit_1                   0x08000163   Thumb Code     0  libinit2.o(.ARM.Collect$$libinit$$0000001B)
    __rt_lib_init_clock_1                    0x08000163   Thumb Code     0  libinit2.o(.ARM.Collect$$libinit$$00000021)
    __rt_lib_init_cpp_1                      0x08000163   Thumb Code     0  libinit2.o(.ARM.Collect$$libinit$$00000032)
    __rt_lib_init_exceptions_1               0x08000163   Thumb Code     0  libinit2.o(.ARM.Collect$$libinit$$00000030)
    __rt_lib_init_fp_1                       0x08000163   Thumb Code     0  libinit2.o(.ARM.Collect$$libinit$$00000002)
    __rt_lib_init_fp_trap_1                  0x08000163   Thumb Code     0  libinit2.o(.ARM.Collect$$libinit$$0000001F)
    __rt_lib_init_getenv_1                   0x08000163   Thumb Code     0  libinit2.o(.ARM.Collect$$libinit$$00000023)
    __rt_lib_init_heap_1                     0x08000163   Thumb Code     0  libinit2.o(.ARM.Collect$$libinit$$0000000A)
    __rt_lib_init_lc_collate_1               0x08000163   Thumb Code     0  libinit2.o(.ARM.Collect$$libinit$$00000011)
    __rt_lib_init_lc_ctype_1                 0x08000163   Thumb Code     0  libinit2.o(.ARM.Collect$$libinit$$00000013)
    __rt_lib_init_lc_monetary_1              0x08000163   Thumb Code     0  libinit2.o(.ARM.Collect$$libinit$$00000015)
    __rt_lib_init_lc_numeric_1               0x08000163   Thumb Code     0  libinit2.o(.ARM.Collect$$libinit$$00000017)
    __rt_lib_init_lc_time_1                  0x08000163   Thumb Code     0  libinit2.o(.ARM.Collect$$libinit$$00000019)
    __rt_lib_init_preinit_1                  0x08000163   Thumb Code     0  libinit2.o(.ARM.Collect$$libinit$$00000004)
    __rt_lib_init_rand_1                     0x08000163   Thumb Code     0  libinit2.o(.ARM.Collect$$libinit$$0000000E)
    __rt_lib_init_return                     0x08000163   Thumb Code     0  libinit2.o(.ARM.Collect$$libinit$$00000033)
    __rt_lib_init_signal_1                   0x08000163   Thumb Code     0  libinit2.o(.ARM.Collect$$libinit$$0000001D)
    __rt_lib_init_stdio_1                    0x08000163   Thumb Code     0  libinit2.o(.ARM.Collect$$libinit$$00000025)
    __rt_lib_init_user_alloc_1               0x08000163   Thumb Code     0  libinit2.o(.ARM.Collect$$libinit$$0000000C)
    __rt_lib_shutdown                        0x08000165   Thumb Code     0  libshutdown.o(.ARM.Collect$$libshutdown$$00000000)
    __rt_lib_shutdown_cpp_1                  0x08000167   Thumb Code     0  libshutdown2.o(.ARM.Collect$$libshutdown$$00000002)
    __rt_lib_shutdown_fp_trap_1              0x08000167   Thumb Code     0  libshutdown2.o(.ARM.Collect$$libshutdown$$00000007)
    __rt_lib_shutdown_heap_1                 0x08000167   Thumb Code     0  libshutdown2.o(.ARM.Collect$$libshutdown$$0000000F)
    __rt_lib_shutdown_return                 0x08000167   Thumb Code     0  libshutdown2.o(.ARM.Collect$$libshutdown$$00000010)
    __rt_lib_shutdown_signal_1               0x08000167   Thumb Code     0  libshutdown2.o(.ARM.Collect$$libshutdown$$0000000A)
    __rt_lib_shutdown_stdio_1                0x08000167   Thumb Code     0  libshutdown2.o(.ARM.Collect$$libshutdown$$00000004)
    __rt_lib_shutdown_user_alloc_1           0x08000167   Thumb Code     0  libshutdown2.o(.ARM.Collect$$libshutdown$$0000000C)
    __rt_entry                               0x08000169   Thumb Code     0  __rtentry.o(.ARM.Collect$$rtentry$$00000000)
    __rt_entry_presh_1                       0x08000169   Thumb Code     0  __rtentry2.o(.ARM.Collect$$rtentry$$00000002)
    __rt_entry_sh                            0x08000169   Thumb Code     0  __rtentry4.o(.ARM.Collect$$rtentry$$00000004)
    __rt_entry_li                            0x0800016f   Thumb Code     0  __rtentry2.o(.ARM.Collect$$rtentry$$0000000A)
    __rt_entry_postsh_1                      0x0800016f   Thumb Code     0  __rtentry2.o(.ARM.Collect$$rtentry$$00000009)
    __rt_entry_main                          0x08000173   Thumb Code     0  __rtentry2.o(.ARM.Collect$$rtentry$$0000000D)
    __rt_entry_postli_1                      0x08000173   Thumb Code     0  __rtentry2.o(.ARM.Collect$$rtentry$$0000000C)
    __rt_exit                                0x0800017b   Thumb Code     0  rtexit.o(.ARM.Collect$$rtexit$$00000000)
    __rt_exit_ls                             0x0800017d   Thumb Code     0  rtexit2.o(.ARM.Collect$$rtexit$$00000003)
    __rt_exit_prels_1                        0x0800017d   Thumb Code     0  rtexit2.o(.ARM.Collect$$rtexit$$00000002)
    __rt_exit_exit                           0x08000181   Thumb Code     0  rtexit2.o(.ARM.Collect$$rtexit$$00000004)
    SVC_Handler                              0x08000189   Thumb Code    32  port.o(.emb_text)
    __asm___6_port_c_39a90d8d__prvStartFirstTask 0x080001ad   Thumb Code    28  port.o(.emb_text)
    PendSV_Handler                           0x080001cd   Thumb Code    72  port.o(.emb_text)
    vPortGetIPSR                             0x08000219   Thumb Code     6  port.o(.emb_text)
    Reset_Handler                            0x08000221   Thumb Code     8  startup_stm32f103xb.o(.text)
    ADC1_2_IRQHandler                        0x0800023b   Thumb Code     0  startup_stm32f103xb.o(.text)
    CAN1_RX1_IRQHandler                      0x0800023b   Thumb Code     0  startup_stm32f103xb.o(.text)
    CAN1_SCE_IRQHandler                      0x0800023b   Thumb Code     0  startup_stm32f103xb.o(.text)
    DMA1_Channel1_IRQHandler                 0x0800023b   Thumb Code     0  startup_stm32f103xb.o(.text)
    DMA1_Channel2_IRQHandler                 0x0800023b   Thumb Code     0  startup_stm32f103xb.o(.text)
    DMA1_Channel3_IRQHandler                 0x0800023b   Thumb Code     0  startup_stm32f103xb.o(.text)
    DMA1_Channel4_IRQHandler                 0x0800023b   Thumb Code     0  startup_stm32f103xb.o(.text)
    DMA1_Channel5_IRQHandler                 0x0800023b   Thumb Code     0  startup_stm32f103xb.o(.text)
    DMA1_Channel6_IRQHandler                 0x0800023b   Thumb Code     0  startup_stm32f103xb.o(.text)
    DMA1_Channel7_IRQHandler                 0x0800023b   Thumb Code     0  startup_stm32f103xb.o(.text)
    EXTI0_IRQHandler                         0x0800023b   Thumb Code     0  startup_stm32f103xb.o(.text)
    EXTI15_10_IRQHandler                     0x0800023b   Thumb Code     0  startup_stm32f103xb.o(.text)
    EXTI1_IRQHandler                         0x0800023b   Thumb Code     0  startup_stm32f103xb.o(.text)
    EXTI2_IRQHandler                         0x0800023b   Thumb Code     0  startup_stm32f103xb.o(.text)
    EXTI3_IRQHandler                         0x0800023b   Thumb Code     0  startup_stm32f103xb.o(.text)
    EXTI4_IRQHandler                         0x0800023b   Thumb Code     0  startup_stm32f103xb.o(.text)
    EXTI9_5_IRQHandler                       0x0800023b   Thumb Code     0  startup_stm32f103xb.o(.text)
    FLASH_IRQHandler                         0x0800023b   Thumb Code     0  startup_stm32f103xb.o(.text)
    I2C1_ER_IRQHandler                       0x0800023b   Thumb Code     0  startup_stm32f103xb.o(.text)
    I2C1_EV_IRQHandler                       0x0800023b   Thumb Code     0  startup_stm32f103xb.o(.text)
    I2C2_ER_IRQHandler                       0x0800023b   Thumb Code     0  startup_stm32f103xb.o(.text)
    I2C2_EV_IRQHandler                       0x0800023b   Thumb Code     0  startup_stm32f103xb.o(.text)
    PVD_IRQHandler                           0x0800023b   Thumb Code     0  startup_stm32f103xb.o(.text)
    RCC_IRQHandler                           0x0800023b   Thumb Code     0  startup_stm32f103xb.o(.text)
    RTC_Alarm_IRQHandler                     0x0800023b   Thumb Code     0  startup_stm32f103xb.o(.text)
    RTC_IRQHandler                           0x0800023b   Thumb Code     0  startup_stm32f103xb.o(.text)
    SPI1_IRQHandler                          0x0800023b   Thumb Code     0  startup_stm32f103xb.o(.text)
    SPI2_IRQHandler                          0x0800023b   Thumb Code     0  startup_stm32f103xb.o(.text)
    TAMPER_IRQHandler                        0x0800023b   Thumb Code     0  startup_stm32f103xb.o(.text)
    TIM1_BRK_IRQHandler                      0x0800023b   Thumb Code     0  startup_stm32f103xb.o(.text)
    TIM1_CC_IRQHandler                       0x0800023b   Thumb Code     0  startup_stm32f103xb.o(.text)
    TIM1_TRG_COM_IRQHandler                  0x0800023b   Thumb Code     0  startup_stm32f103xb.o(.text)
    TIM1_UP_IRQHandler                       0x0800023b   Thumb Code     0  startup_stm32f103xb.o(.text)
    TIM2_IRQHandler                          0x0800023b   Thumb Code     0  startup_stm32f103xb.o(.text)
    TIM3_IRQHandler                          0x0800023b   Thumb Code     0  startup_stm32f103xb.o(.text)
    USART1_IRQHandler                        0x0800023b   Thumb Code     0  startup_stm32f103xb.o(.text)
    USART2_IRQHandler                        0x0800023b   Thumb Code     0  startup_stm32f103xb.o(.text)
    USART3_IRQHandler                        0x0800023b   Thumb Code     0  startup_stm32f103xb.o(.text)
    USBWakeUp_IRQHandler                     0x0800023b   Thumb Code     0  startup_stm32f103xb.o(.text)
    USB_HP_CAN1_TX_IRQHandler                0x0800023b   Thumb Code     0  startup_stm32f103xb.o(.text)
    USB_LP_CAN1_RX0_IRQHandler               0x0800023b   Thumb Code     0  startup_stm32f103xb.o(.text)
    WWDG_IRQHandler                          0x0800023b   Thumb Code     0  startup_stm32f103xb.o(.text)
    __user_initial_stackheap                 0x0800023d   Thumb Code     0  startup_stm32f103xb.o(.text)
    __aeabi_memcpy4                          0x08000261   Thumb Code     0  rt_memcpy_w.o(.text)
    __aeabi_memcpy8                          0x08000261   Thumb Code     0  rt_memcpy_w.o(.text)
    __rt_memcpy_w                            0x08000261   Thumb Code   100  rt_memcpy_w.o(.text)
    _memcpy_lastbytes_aligned                0x080002a9   Thumb Code     0  rt_memcpy_w.o(.text)
    __aeabi_memclr4                          0x080002c5   Thumb Code     0  rt_memclr_w.o(.text)
    __aeabi_memclr8                          0x080002c5   Thumb Code     0  rt_memclr_w.o(.text)
    __rt_memclr_w                            0x080002c5   Thumb Code    78  rt_memclr_w.o(.text)
    _memset_w                                0x080002c9   Thumb Code     0  rt_memclr_w.o(.text)
    __use_two_region_memory                  0x08000313   Thumb Code     2  heapauxi.o(.text)
    __rt_heap_escrow$2region                 0x08000315   Thumb Code     2  heapauxi.o(.text)
    __rt_heap_expand$2region                 0x08000317   Thumb Code     2  heapauxi.o(.text)
    __user_setup_stackheap                   0x08000319   Thumb Code    74  sys_stackheap_outer.o(.text)
    exit                                     0x08000363   Thumb Code    18  exit.o(.text)
    __user_libspace                          0x08000375   Thumb Code     8  libspace.o(.text)
    __user_perproc_libspace                  0x08000375   Thumb Code     0  libspace.o(.text)
    __user_perthread_libspace                0x08000375   Thumb Code     0  libspace.o(.text)
    _sys_exit                                0x0800037d   Thumb Code     8  sys_exit.o(.text)
    __I$use$semihosting                      0x08000389   Thumb Code     0  use_no_semi.o(.text)
    __use_no_semihosting_swi                 0x08000389   Thumb Code     2  use_no_semi.o(.text)
    BusFault_Handler                         0x0800038b   Thumb Code     2  stm32f1xx_it.o(i.BusFault_Handler)
    __semihosting_library_function           0x0800038b   Thumb Code     0  indicate_semi.o(.text)
    DebugMon_Handler                         0x0800038d   Thumb Code     2  stm32f1xx_it.o(i.DebugMon_Handler)
    HAL_Delay                                0x08000391   Thumb Code    32  stm32f1xx_hal.o(i.HAL_Delay)
    HAL_GPIO_Init                            0x080003b5   Thumb Code   446  stm32f1xx_hal_gpio.o(i.HAL_GPIO_Init)
    HAL_GPIO_WritePin                        0x08000595   Thumb Code    10  stm32f1xx_hal_gpio.o(i.HAL_GPIO_WritePin)
    HAL_GetTick                              0x080005a1   Thumb Code     6  stm32f1xx_hal.o(i.HAL_GetTick)
    HAL_I2C_Init                             0x080005ad   Thumb Code   376  stm32f1xx_hal_i2c.o(i.HAL_I2C_Init)
    HAL_I2C_IsDeviceReady                    0x08000735   Thumb Code   354  stm32f1xx_hal_i2c.o(i.HAL_I2C_IsDeviceReady)
    HAL_I2C_Mem_Read                         0x080008a1   Thumb Code   574  stm32f1xx_hal_i2c.o(i.HAL_I2C_Mem_Read)
    HAL_I2C_Mem_Write                        0x08000af1   Thumb Code   294  stm32f1xx_hal_i2c.o(i.HAL_I2C_Mem_Write)
    HAL_I2C_MspInit                          0x08000c21   Thumb Code    80  stm32f1xx_hal_msp.o(i.HAL_I2C_MspInit)
    HAL_IncTick                              0x08000c7d   Thumb Code    12  stm32f1xx_hal.o(i.HAL_IncTick)
    HAL_Init                                 0x08000c8d   Thumb Code    32  stm32f1xx_hal.o(i.HAL_Init)
    HAL_InitTick                             0x08000cb1   Thumb Code   132  stm32f1xx_hal_timebase_tim.o(i.HAL_InitTick)
    HAL_MspInit                              0x08000d49   Thumb Code    62  stm32f1xx_hal_msp.o(i.HAL_MspInit)
    HAL_NVIC_EnableIRQ                       0x08000d91   Thumb Code    26  stm32f1xx_hal_cortex.o(i.HAL_NVIC_EnableIRQ)
    HAL_NVIC_SetPriority                     0x08000dad   Thumb Code    60  stm32f1xx_hal_cortex.o(i.HAL_NVIC_SetPriority)
    HAL_NVIC_SetPriorityGrouping             0x08000ded   Thumb Code    26  stm32f1xx_hal_cortex.o(i.HAL_NVIC_SetPriorityGrouping)
    HAL_RCC_ClockConfig                      0x08000e11   Thumb Code   280  stm32f1xx_hal_rcc.o(i.HAL_RCC_ClockConfig)
    HAL_RCC_GetClockConfig                   0x08000f3d   Thumb Code    54  stm32f1xx_hal_rcc.o(i.HAL_RCC_GetClockConfig)
    HAL_RCC_GetPCLK1Freq                     0x08000f7d   Thumb Code    20  stm32f1xx_hal_rcc.o(i.HAL_RCC_GetPCLK1Freq)
    HAL_RCC_GetSysClockFreq                  0x08000f9d   Thumb Code    58  stm32f1xx_hal_rcc.o(i.HAL_RCC_GetSysClockFreq)
    HAL_RCC_OscConfig                        0x08000fe9   Thumb Code   778  stm32f1xx_hal_rcc.o(i.HAL_RCC_OscConfig)
    HAL_SPI_Init                             0x08001309   Thumb Code   178  stm32f1xx_hal_spi.o(i.HAL_SPI_Init)
    HAL_SPI_MspInit                          0x080013bd   Thumb Code    98  stm32f1xx_hal_msp.o(i.HAL_SPI_MspInit)
    HAL_SPI_Receive                          0x0800142d   Thumb Code   342  stm32f1xx_hal_spi.o(i.HAL_SPI_Receive)
    HAL_SPI_Transmit                         0x08001583   Thumb Code   366  stm32f1xx_hal_spi.o(i.HAL_SPI_Transmit)
    HAL_SPI_TransmitReceive                  0x080016f1   Thumb Code   494  stm32f1xx_hal_spi.o(i.HAL_SPI_TransmitReceive)
    HAL_TIMEx_BreakCallback                  0x080018df   Thumb Code     2  stm32f1xx_hal_tim_ex.o(i.HAL_TIMEx_BreakCallback)
    HAL_TIMEx_CommutCallback                 0x080018e1   Thumb Code     2  stm32f1xx_hal_tim_ex.o(i.HAL_TIMEx_CommutCallback)
    HAL_TIM_Base_Init                        0x080018e3   Thumb Code    90  stm32f1xx_hal_tim.o(i.HAL_TIM_Base_Init)
    HAL_TIM_Base_MspInit                     0x0800193d   Thumb Code     2  stm32f1xx_hal_tim.o(i.HAL_TIM_Base_MspInit)
    HAL_TIM_Base_Start_IT                    0x08001941   Thumb Code    76  stm32f1xx_hal_tim.o(i.HAL_TIM_Base_Start_IT)
    HAL_TIM_IC_CaptureCallback               0x08001999   Thumb Code     2  stm32f1xx_hal_tim.o(i.HAL_TIM_IC_CaptureCallback)
    HAL_TIM_IRQHandler                       0x0800199b   Thumb Code   358  stm32f1xx_hal_tim.o(i.HAL_TIM_IRQHandler)
    HAL_TIM_OC_DelayElapsedCallback          0x08001b01   Thumb Code     2  stm32f1xx_hal_tim.o(i.HAL_TIM_OC_DelayElapsedCallback)
    HAL_TIM_PWM_PulseFinishedCallback        0x08001b03   Thumb Code     2  stm32f1xx_hal_tim.o(i.HAL_TIM_PWM_PulseFinishedCallback)
    HAL_TIM_PeriodElapsedCallback            0x08001b05   Thumb Code    14  main.o(i.HAL_TIM_PeriodElapsedCallback)
    HAL_TIM_TriggerCallback                  0x08001b19   Thumb Code     2  stm32f1xx_hal_tim.o(i.HAL_TIM_TriggerCallback)
    HardFault_Handler                        0x08001b1b   Thumb Code     2  stm32f1xx_it.o(i.HardFault_Handler)
    MemManage_Handler                        0x08002071   Thumb Code     2  stm32f1xx_it.o(i.MemManage_Handler)
    NMI_Handler                              0x08002073   Thumb Code     2  stm32f1xx_it.o(i.NMI_Handler)
    NRF24_ACTIVATE_cmd                       0x08002075   Thumb Code    40  my_nrf24.o(i.NRF24_ACTIVATE_cmd)
    NRF24_DelayMicroSeconds                  0x080020a1   Thumb Code    18  my_nrf24.o(i.NRF24_DelayMicroSeconds)
    NRF24_availablePipe                      0x080020bd   Thumb Code    48  my_nrf24.o(i.NRF24_availablePipe)
    NRF24_begin                              0x080020ed   Thumb Code   384  my_nrf24.o(i.NRF24_begin)
    NRF24_ce                                 0x08002275   Thumb Code    16  my_nrf24.o(i.NRF24_ce)
    NRF24_csn                                0x08002289   Thumb Code    16  my_nrf24.o(i.NRF24_csn)
    NRF24_disableDynamicPayloads             0x0800229d   Thumb Code    34  my_nrf24.o(i.NRF24_disableDynamicPayloads)
    NRF24_enableAckPayload                   0x080022c5   Thumb Code    66  my_nrf24.o(i.NRF24_enableAckPayload)
    NRF24_enableDynamicPayloads              0x08002309   Thumb Code    70  my_nrf24.o(i.NRF24_enableDynamicPayloads)
    NRF24_flush_rx                           0x08002355   Thumb Code     8  my_nrf24.o(i.NRF24_flush_rx)
    NRF24_flush_tx                           0x0800235d   Thumb Code     8  my_nrf24.o(i.NRF24_flush_tx)
    NRF24_getDynamicPayloadSize              0x08002365   Thumb Code     6  my_nrf24.o(i.NRF24_getDynamicPayloadSize)
    NRF24_get_status                         0x0800236b   Thumb Code     6  my_nrf24.o(i.NRF24_get_status)
    NRF24_openWritingPipe                    0x08002371   Thumb Code    40  my_nrf24.o(i.NRF24_openWritingPipe)
    NRF24_powerDown                          0x0800239d   Thumb Code    22  my_nrf24.o(i.NRF24_powerDown)
    NRF24_read_register                      0x080023b5   Thumb Code    58  my_nrf24.o(i.NRF24_read_register)
    NRF24_read_registerN                     0x080023f5   Thumb Code    54  my_nrf24.o(i.NRF24_read_registerN)
    NRF24_resetStatus                        0x08002431   Thumb Code     8  my_nrf24.o(i.NRF24_resetStatus)
    NRF24_setAutoAck                         0x08002439   Thumb Code    14  my_nrf24.o(i.NRF24_setAutoAck)
    NRF24_setCRCLength                       0x08002447   Thumb Code    40  my_nrf24.o(i.NRF24_setCRCLength)
    NRF24_setChannel                         0x0800246f   Thumb Code    14  my_nrf24.o(i.NRF24_setChannel)
    NRF24_setDataRate                        0x0800247d   Thumb Code    86  my_nrf24.o(i.NRF24_setDataRate)
    NRF24_setPALevel                         0x080024d9   Thumb Code    60  my_nrf24.o(i.NRF24_setPALevel)
    NRF24_setPayloadSize                     0x08002515   Thumb Code    12  my_nrf24.o(i.NRF24_setPayloadSize)
    NRF24_setRetries                         0x08002525   Thumb Code    14  my_nrf24.o(i.NRF24_setRetries)
    NRF24_startWrite                         0x08002533   Thumb Code    74  my_nrf24.o(i.NRF24_startWrite)
    NRF24_stopListening                      0x0800257d   Thumb Code    20  my_nrf24.o(i.NRF24_stopListening)
    NRF24_whatHappened                       0x08002591   Thumb Code    50  my_nrf24.o(i.NRF24_whatHappened)
    NRF24_write                              0x080025c5   Thumb Code    94  my_nrf24.o(i.NRF24_write)
    NRF24_write_payload                      0x08002629   Thumb Code    50  my_nrf24.o(i.NRF24_write_payload)
    NRF24_write_register                     0x08002661   Thumb Code    44  my_nrf24.o(i.NRF24_write_register)
    NRF24_write_registerN                    0x08002691   Thumb Code    54  my_nrf24.o(i.NRF24_write_registerN)
    Start_Task1                              0x08002801   Thumb Code    28  main.o(i.Start_Task1)
    Start_Task2                              0x08002825   Thumb Code   178  main.o(i.Start_Task2)
    SysTick_Handler                          0x080028e1   Thumb Code    38  port.o(i.SysTick_Handler)
    SystemClock_Config                       0x0800290d   Thumb Code    80  main.o(i.SystemClock_Config)
    SystemInit                               0x0800295d   Thumb Code     2  system_stm32f1xx.o(i.SystemInit)
    TIM4_IRQHandler                          0x08002961   Thumb Code     6  stm32f1xx_it.o(i.TIM4_IRQHandler)
    TIM_Base_SetConfig                       0x0800296d   Thumb Code    94  stm32f1xx_hal_tim.o(i.TIM_Base_SetConfig)
    UsageFault_Handler                       0x080029d9   Thumb Code     2  stm32f1xx_it.o(i.UsageFault_Handler)
    main                                     0x080029fd   Thumb Code   236  main.o(i.main)
    mpu6050_init                             0x08002b15   Thumb Code    96  mpu6050.o(i.mpu6050_init)
    mpu6050_read_x                           0x08002b79   Thumb Code    42  mpu6050.o(i.mpu6050_read_x)
    mpu6050_read_y                           0x08002ba9   Thumb Code    42  mpu6050.o(i.mpu6050_read_y)
    osDelay                                  0x08002bd9   Thumb Code    14  cmsis_os.o(i.osDelay)
    osKernelStart                            0x08002be7   Thumb Code    10  cmsis_os.o(i.osKernelStart)
    pvPortMalloc                             0x08002f35   Thumb Code   210  heap_4.o(i.pvPortMalloc)
    pxPortInitialiseStack                    0x0800300d   Thumb Code    32  port.o(i.pxPortInitialiseStack)
    uxListRemove                             0x08003031   Thumb Code    38  list.o(i.uxListRemove)
    vApplicationGetIdleTaskMemory            0x08003059   Thumb Code    16  freertos.o(i.vApplicationGetIdleTaskMemory)
    vListInitialise                          0x0800306d   Thumb Code    22  list.o(i.vListInitialise)
    vListInitialiseItem                      0x08003083   Thumb Code     6  list.o(i.vListInitialiseItem)
    vListInsert                              0x08003089   Thumb Code    48  list.o(i.vListInsert)
    vListInsertEnd                           0x080030b9   Thumb Code    24  list.o(i.vListInsertEnd)
    vPortEnterCritical                       0x080030d1   Thumb Code    54  port.o(i.vPortEnterCritical)
    vPortExitCritical                        0x08003111   Thumb Code    34  port.o(i.vPortExitCritical)
    vPortFree                                0x08003139   Thumb Code    88  heap_4.o(i.vPortFree)
    vPortSetupTimerInterrupt                 0x08003195   Thumb Code    32  port.o(i.vPortSetupTimerInterrupt)
    vTaskDelay                               0x080031b9   Thumb Code    66  tasks.o(i.vTaskDelay)
    vTaskStartScheduler                      0x08003205   Thumb Code    90  tasks.o(i.vTaskStartScheduler)
    vTaskSuspendAll                          0x08003271   Thumb Code    10  tasks.o(i.vTaskSuspendAll)
    vTaskSwitchContext                       0x08003281   Thumb Code    82  tasks.o(i.vTaskSwitchContext)
    xPortStartScheduler                      0x080032dd   Thumb Code   154  port.o(i.xPortStartScheduler)
    xTaskCreate                              0x08003385   Thumb Code    90  tasks.o(i.xTaskCreate)
    xTaskCreateStatic                        0x080033df   Thumb Code    86  tasks.o(i.xTaskCreateStatic)
    xTaskIncrementTick                       0x08003435   Thumb Code   192  tasks.o(i.xTaskIncrementTick)
    xTaskResumeAll                           0x080034fd   Thumb Code   182  tasks.o(i.xTaskResumeAll)
    AHBPrescTable                            0x080035d2   Data          16  system_stm32f1xx.o(.constdata)
    APBPrescTable                            0x080035e2   Data           8  system_stm32f1xx.o(.constdata)
    Region$$Table$$Base                      0x080035ec   Number         0  anon$$obj.o(Region$$Table)
    Region$$Table$$Limit                     0x0800360c   Number         0  anon$$obj.o(Region$$Table)
    Speed_index                              0x20000000   Data           1  main.o(.data)
    Tx_command                               0x20000001   Data           1  main.o(.data)
    ax                                       0x20000002   Data           2  main.o(.data)
    ay                                       0x20000004   Data           2  main.o(.data)
    Task1_Handle                             0x20000008   Data           4  main.o(.data)
    Task2_Handle                             0x2000000c   Data           4  main.o(.data)
    TxpipeAddrs                              0x20000010   Data           8  main.o(.data)
    uwTickFreq                               0x20000018   Data           1  stm32f1xx_hal.o(.data)
    uwTickPrio                               0x2000001c   Data           4  stm32f1xx_hal.o(.data)
    uwTick                                   0x20000020   Data           4  stm32f1xx_hal.o(.data)
    SystemCoreClock                          0x20000024   Data           4  system_stm32f1xx.o(.data)
    pxCurrentTCB                             0x20000040   Data           4  tasks.o(.data)
    hi2c1                                    0x200000a0   Data          84  main.o(.bss)
    hspi1                                    0x200000f4   Data          88  main.o(.bss)
    myTxData                                 0x2000014c   Data          32  main.o(.bss)
    htim4                                    0x200003c0   Data          72  stm32f1xx_hal_timebase_tim.o(.bss)
    __libspace_start                         0x20001150   Data          96  libspace.o(.bss)
    __temporary_stack_top$libspace           0x200011b0   Data           0  libspace.o(.bss)



==============================================================================

Memory Map of the image

  Image Entry point : 0x080000ed

  Load Region LR_IROM1 (Base: 0x08000000, Size: 0x000036ac, Max: 0x00010000, ABSOLUTE)

    Execution Region ER_IROM1 (Exec base: 0x08000000, Load base: 0x08000000, Size: 0x0000360c, Max: 0x00010000, ABSOLUTE)

    Exec Addr    Load Addr    Size         Type   Attr      Idx    E Section Name        Object

    0x08000000   0x08000000   0x000000ec   Data   RO            3    RESET               startup_stm32f103xb.o
    0x080000ec   0x080000ec   0x00000008   Code   RO         4832  * !!!main             c_w.l(__main.o)
    0x080000f4   0x080000f4   0x00000034   Code   RO         4991    !!!scatter          c_w.l(__scatter.o)
    0x08000128   0x08000128   0x0000001a   Code   RO         4993    !!handler_copy      c_w.l(__scatter_copy.o)
    0x08000142   0x08000142   0x00000002   PAD
    0x08000144   0x08000144   0x0000001c   Code   RO         4995    !!handler_zi        c_w.l(__scatter_zi.o)
    0x08000160   0x08000160   0x00000002   Code   RO         4861    .ARM.Collect$$libinit$$00000000  c_w.l(libinit.o)
    0x08000162   0x08000162   0x00000000   Code   RO         4868    .ARM.Collect$$libinit$$00000002  c_w.l(libinit2.o)
    0x08000162   0x08000162   0x00000000   Code   RO         4870    .ARM.Collect$$libinit$$00000004  c_w.l(libinit2.o)
    0x08000162   0x08000162   0x00000000   Code   RO         4873    .ARM.Collect$$libinit$$0000000A  c_w.l(libinit2.o)
    0x08000162   0x08000162   0x00000000   Code   RO         4875    .ARM.Collect$$libinit$$0000000C  c_w.l(libinit2.o)
    0x08000162   0x08000162   0x00000000   Code   RO         4877    .ARM.Collect$$libinit$$0000000E  c_w.l(libinit2.o)
    0x08000162   0x08000162   0x00000000   Code   RO         4880    .ARM.Collect$$libinit$$00000011  c_w.l(libinit2.o)
    0x08000162   0x08000162   0x00000000   Code   RO         4882    .ARM.Collect$$libinit$$00000013  c_w.l(libinit2.o)
    0x08000162   0x08000162   0x00000000   Code   RO         4884    .ARM.Collect$$libinit$$00000015  c_w.l(libinit2.o)
    0x08000162   0x08000162   0x00000000   Code   RO         4886    .ARM.Collect$$libinit$$00000017  c_w.l(libinit2.o)
    0x08000162   0x08000162   0x00000000   Code   RO         4888    .ARM.Collect$$libinit$$00000019  c_w.l(libinit2.o)
    0x08000162   0x08000162   0x00000000   Code   RO         4890    .ARM.Collect$$libinit$$0000001B  c_w.l(libinit2.o)
    0x08000162   0x08000162   0x00000000   Code   RO         4892    .ARM.Collect$$libinit$$0000001D  c_w.l(libinit2.o)
    0x08000162   0x08000162   0x00000000   Code   RO         4894    .ARM.Collect$$libinit$$0000001F  c_w.l(libinit2.o)
    0x08000162   0x08000162   0x00000000   Code   RO         4896    .ARM.Collect$$libinit$$00000021  c_w.l(libinit2.o)
    0x08000162   0x08000162   0x00000000   Code   RO         4898    .ARM.Collect$$libinit$$00000023  c_w.l(libinit2.o)
    0x08000162   0x08000162   0x00000000   Code   RO         4900    .ARM.Collect$$libinit$$00000025  c_w.l(libinit2.o)
    0x08000162   0x08000162   0x00000000   Code   RO         4904    .ARM.Collect$$libinit$$0000002C  c_w.l(libinit2.o)
    0x08000162   0x08000162   0x00000000   Code   RO         4906    .ARM.Collect$$libinit$$0000002E  c_w.l(libinit2.o)
    0x08000162   0x08000162   0x00000000   Code   RO         4908    .ARM.Collect$$libinit$$00000030  c_w.l(libinit2.o)
    0x08000162   0x08000162   0x00000000   Code   RO         4910    .ARM.Collect$$libinit$$00000032  c_w.l(libinit2.o)
    0x08000162   0x08000162   0x00000002   Code   RO         4911    .ARM.Collect$$libinit$$00000033  c_w.l(libinit2.o)
    0x08000164   0x08000164   0x00000002   Code   RO         4931    .ARM.Collect$$libshutdown$$00000000  c_w.l(libshutdown.o)
    0x08000166   0x08000166   0x00000000   Code   RO         4944    .ARM.Collect$$libshutdown$$00000002  c_w.l(libshutdown2.o)
    0x08000166   0x08000166   0x00000000   Code   RO         4946    .ARM.Collect$$libshutdown$$00000004  c_w.l(libshutdown2.o)
    0x08000166   0x08000166   0x00000000   Code   RO         4949    .ARM.Collect$$libshutdown$$00000007  c_w.l(libshutdown2.o)
    0x08000166   0x08000166   0x00000000   Code   RO         4952    .ARM.Collect$$libshutdown$$0000000A  c_w.l(libshutdown2.o)
    0x08000166   0x08000166   0x00000000   Code   RO         4954    .ARM.Collect$$libshutdown$$0000000C  c_w.l(libshutdown2.o)
    0x08000166   0x08000166   0x00000000   Code   RO         4957    .ARM.Collect$$libshutdown$$0000000F  c_w.l(libshutdown2.o)
    0x08000166   0x08000166   0x00000002   Code   RO         4958    .ARM.Collect$$libshutdown$$00000010  c_w.l(libshutdown2.o)
    0x08000168   0x08000168   0x00000000   Code   RO         4834    .ARM.Collect$$rtentry$$00000000  c_w.l(__rtentry.o)
    0x08000168   0x08000168   0x00000000   Code   RO         4838    .ARM.Collect$$rtentry$$00000002  c_w.l(__rtentry2.o)
    0x08000168   0x08000168   0x00000006   Code   RO         4850    .ARM.Collect$$rtentry$$00000004  c_w.l(__rtentry4.o)
    0x0800016e   0x0800016e   0x00000000   Code   RO         4840    .ARM.Collect$$rtentry$$00000009  c_w.l(__rtentry2.o)
    0x0800016e   0x0800016e   0x00000004   Code   RO         4841    .ARM.Collect$$rtentry$$0000000A  c_w.l(__rtentry2.o)
    0x08000172   0x08000172   0x00000000   Code   RO         4843    .ARM.Collect$$rtentry$$0000000C  c_w.l(__rtentry2.o)
    0x08000172   0x08000172   0x00000008   Code   RO         4844    .ARM.Collect$$rtentry$$0000000D  c_w.l(__rtentry2.o)
    0x0800017a   0x0800017a   0x00000002   Code   RO         4865    .ARM.Collect$$rtexit$$00000000  c_w.l(rtexit.o)
    0x0800017c   0x0800017c   0x00000000   Code   RO         4913    .ARM.Collect$$rtexit$$00000002  c_w.l(rtexit2.o)
    0x0800017c   0x0800017c   0x00000004   Code   RO         4914    .ARM.Collect$$rtexit$$00000003  c_w.l(rtexit2.o)
    0x08000180   0x08000180   0x00000006   Code   RO         4915    .ARM.Collect$$rtexit$$00000004  c_w.l(rtexit2.o)
    0x08000186   0x08000186   0x00000002   PAD
    0x08000188   0x08000188   0x00000096   Code   RO         4741    .emb_text           port.o
    0x0800021e   0x0800021e   0x00000002   PAD
    0x08000220   0x08000220   0x00000040   Code   RO            4    .text               startup_stm32f103xb.o
    0x08000260   0x08000260   0x00000064   Code   RO         4824    .text               c_w.l(rt_memcpy_w.o)
    0x080002c4   0x080002c4   0x0000004e   Code   RO         4828    .text               c_w.l(rt_memclr_w.o)
    0x08000312   0x08000312   0x00000006   Code   RO         4830    .text               c_w.l(heapauxi.o)
    0x08000318   0x08000318   0x0000004a   Code   RO         4852    .text               c_w.l(sys_stackheap_outer.o)
    0x08000362   0x08000362   0x00000012   Code   RO         4854    .text               c_w.l(exit.o)
    0x08000374   0x08000374   0x00000008   Code   RO         4862    .text               c_w.l(libspace.o)
    0x0800037c   0x0800037c   0x0000000c   Code   RO         4923    .text               c_w.l(sys_exit.o)
    0x08000388   0x08000388   0x00000002   Code   RO         4934    .text               c_w.l(use_no_semi.o)
    0x0800038a   0x0800038a   0x00000000   Code   RO         4936    .text               c_w.l(indicate_semi.o)
    0x0800038a   0x0800038a   0x00000002   Code   RO          270    i.BusFault_Handler  stm32f1xx_it.o
    0x0800038c   0x0800038c   0x00000002   Code   RO          271    i.DebugMon_Handler  stm32f1xx_it.o
    0x0800038e   0x0800038e   0x00000002   PAD
    0x08000390   0x08000390   0x00000024   Code   RO          464    i.HAL_Delay         stm32f1xx_hal.o
    0x080003b4   0x080003b4   0x000001e0   Code   RO          774    i.HAL_GPIO_Init     stm32f1xx_hal_gpio.o
    0x08000594   0x08000594   0x0000000a   Code   RO          778    i.HAL_GPIO_WritePin  stm32f1xx_hal_gpio.o
    0x0800059e   0x0800059e   0x00000002   PAD
    0x080005a0   0x080005a0   0x0000000c   Code   RO          468    i.HAL_GetTick       stm32f1xx_hal.o
    0x080005ac   0x080005ac   0x00000188   Code   RO         1445    i.HAL_I2C_Init      stm32f1xx_hal_i2c.o
    0x08000734   0x08000734   0x0000016c   Code   RO         1446    i.HAL_I2C_IsDeviceReady  stm32f1xx_hal_i2c.o
    0x080008a0   0x080008a0   0x00000250   Code   RO         1463    i.HAL_I2C_Mem_Read  stm32f1xx_hal_i2c.o
    0x08000af0   0x08000af0   0x00000130   Code   RO         1466    i.HAL_I2C_Mem_Write  stm32f1xx_hal_i2c.o
    0x08000c20   0x08000c20   0x0000005c   Code   RO          335    i.HAL_I2C_MspInit   stm32f1xx_hal_msp.o
    0x08000c7c   0x08000c7c   0x00000010   Code   RO          474    i.HAL_IncTick       stm32f1xx_hal.o
    0x08000c8c   0x08000c8c   0x00000024   Code   RO          475    i.HAL_Init          stm32f1xx_hal.o
    0x08000cb0   0x08000cb0   0x00000098   Code   RO          382    i.HAL_InitTick      stm32f1xx_hal_timebase_tim.o
    0x08000d48   0x08000d48   0x00000048   Code   RO          336    i.HAL_MspInit       stm32f1xx_hal_msp.o
    0x08000d90   0x08000d90   0x0000001a   Code   RO          934    i.HAL_NVIC_EnableIRQ  stm32f1xx_hal_cortex.o
    0x08000daa   0x08000daa   0x00000002   PAD
    0x08000dac   0x08000dac   0x00000040   Code   RO          940    i.HAL_NVIC_SetPriority  stm32f1xx_hal_cortex.o
    0x08000dec   0x08000dec   0x00000024   Code   RO          941    i.HAL_NVIC_SetPriorityGrouping  stm32f1xx_hal_cortex.o
    0x08000e10   0x08000e10   0x0000012c   Code   RO          632    i.HAL_RCC_ClockConfig  stm32f1xx_hal_rcc.o
    0x08000f3c   0x08000f3c   0x00000040   Code   RO          636    i.HAL_RCC_GetClockConfig  stm32f1xx_hal_rcc.o
    0x08000f7c   0x08000f7c   0x00000020   Code   RO          639    i.HAL_RCC_GetPCLK1Freq  stm32f1xx_hal_rcc.o
    0x08000f9c   0x08000f9c   0x0000004c   Code   RO          641    i.HAL_RCC_GetSysClockFreq  stm32f1xx_hal_rcc.o
    0x08000fe8   0x08000fe8   0x00000320   Code   RO          644    i.HAL_RCC_OscConfig  stm32f1xx_hal_rcc.o
    0x08001308   0x08001308   0x000000b2   Code   RO         1882    i.HAL_SPI_Init      stm32f1xx_hal_spi.o
    0x080013ba   0x080013ba   0x00000002   PAD
    0x080013bc   0x080013bc   0x00000070   Code   RO          338    i.HAL_SPI_MspInit   stm32f1xx_hal_msp.o
    0x0800142c   0x0800142c   0x00000156   Code   RO         1885    i.HAL_SPI_Receive   stm32f1xx_hal_spi.o
    0x08001582   0x08001582   0x0000016e   Code   RO         1890    i.HAL_SPI_Transmit  stm32f1xx_hal_spi.o
    0x080016f0   0x080016f0   0x000001ee   Code   RO         1891    i.HAL_SPI_TransmitReceive  stm32f1xx_hal_spi.o
    0x080018de   0x080018de   0x00000002   Code   RO         2899    i.HAL_TIMEx_BreakCallback  stm32f1xx_hal_tim_ex.o
    0x080018e0   0x080018e0   0x00000002   Code   RO         2900    i.HAL_TIMEx_CommutCallback  stm32f1xx_hal_tim_ex.o
    0x080018e2   0x080018e2   0x0000005a   Code   RO         2195    i.HAL_TIM_Base_Init  stm32f1xx_hal_tim.o
    0x0800193c   0x0800193c   0x00000002   Code   RO         2197    i.HAL_TIM_Base_MspInit  stm32f1xx_hal_tim.o
    0x0800193e   0x0800193e   0x00000002   PAD
    0x08001940   0x08001940   0x00000058   Code   RO         2200    i.HAL_TIM_Base_Start_IT  stm32f1xx_hal_tim.o
    0x08001998   0x08001998   0x00000002   Code   RO         2229    i.HAL_TIM_IC_CaptureCallback  stm32f1xx_hal_tim.o
    0x0800199a   0x0800199a   0x00000166   Code   RO         2243    i.HAL_TIM_IRQHandler  stm32f1xx_hal_tim.o
    0x08001b00   0x08001b00   0x00000002   Code   RO         2246    i.HAL_TIM_OC_DelayElapsedCallback  stm32f1xx_hal_tim.o
    0x08001b02   0x08001b02   0x00000002   Code   RO         2273    i.HAL_TIM_PWM_PulseFinishedCallback  stm32f1xx_hal_tim.o
    0x08001b04   0x08001b04   0x00000014   Code   RO           14    i.HAL_TIM_PeriodElapsedCallback  main.o
    0x08001b18   0x08001b18   0x00000002   Code   RO         2286    i.HAL_TIM_TriggerCallback  stm32f1xx_hal_tim.o
    0x08001b1a   0x08001b1a   0x00000002   Code   RO          272    i.HardFault_Handler  stm32f1xx_it.o
    0x08001b1c   0x08001b1c   0x0000002e   Code   RO         1488    i.I2C_IsAcknowledgeFailed  stm32f1xx_hal_i2c.o
    0x08001b4a   0x08001b4a   0x00000002   PAD
    0x08001b4c   0x08001b4c   0x000000fc   Code   RO         1498    i.I2C_RequestMemoryRead  stm32f1xx_hal_i2c.o
    0x08001c48   0x08001c48   0x000000a8   Code   RO         1499    i.I2C_RequestMemoryWrite  stm32f1xx_hal_i2c.o
    0x08001cf0   0x08001cf0   0x00000056   Code   RO         1503    i.I2C_WaitOnBTFFlagUntilTimeout  stm32f1xx_hal_i2c.o
    0x08001d46   0x08001d46   0x00000002   PAD
    0x08001d48   0x08001d48   0x00000090   Code   RO         1504    i.I2C_WaitOnFlagUntilTimeout  stm32f1xx_hal_i2c.o
    0x08001dd8   0x08001dd8   0x000000bc   Code   RO         1505    i.I2C_WaitOnMasterAddressFlagUntilTimeout  stm32f1xx_hal_i2c.o
    0x08001e94   0x08001e94   0x00000070   Code   RO         1506    i.I2C_WaitOnRXNEFlagUntilTimeout  stm32f1xx_hal_i2c.o
    0x08001f04   0x08001f04   0x00000056   Code   RO         1507    i.I2C_WaitOnTXEFlagUntilTimeout  stm32f1xx_hal_i2c.o
    0x08001f5a   0x08001f5a   0x00000002   PAD
    0x08001f5c   0x08001f5c   0x000000d4   Code   RO           15    i.MX_GPIO_Init      main.o
    0x08002030   0x08002030   0x00000040   Code   RO           16    i.MX_SPI1_Init      main.o
    0x08002070   0x08002070   0x00000002   Code   RO          273    i.MemManage_Handler  stm32f1xx_it.o
    0x08002072   0x08002072   0x00000002   Code   RO          274    i.NMI_Handler       stm32f1xx_it.o
    0x08002074   0x08002074   0x0000002c   Code   RO         3244    i.NRF24_ACTIVATE_cmd  my_nrf24.o
    0x080020a0   0x080020a0   0x0000001c   Code   RO         3245    i.NRF24_DelayMicroSeconds  my_nrf24.o
    0x080020bc   0x080020bc   0x00000030   Code   RO         3248    i.NRF24_availablePipe  my_nrf24.o
    0x080020ec   0x080020ec   0x00000188   Code   RO         3249    i.NRF24_begin       my_nrf24.o
    0x08002274   0x08002274   0x00000014   Code   RO         3250    i.NRF24_ce          my_nrf24.o
    0x08002288   0x08002288   0x00000014   Code   RO         3251    i.NRF24_csn         my_nrf24.o
    0x0800229c   0x0800229c   0x00000028   Code   RO         3253    i.NRF24_disableDynamicPayloads  my_nrf24.o
    0x080022c4   0x080022c4   0x00000042   Code   RO         3254    i.NRF24_enableAckPayload  my_nrf24.o
    0x08002306   0x08002306   0x00000002   PAD
    0x08002308   0x08002308   0x0000004c   Code   RO         3255    i.NRF24_enableDynamicPayloads  my_nrf24.o
    0x08002354   0x08002354   0x00000008   Code   RO         3256    i.NRF24_flush_rx    my_nrf24.o
    0x0800235c   0x0800235c   0x00000008   Code   RO         3257    i.NRF24_flush_tx    my_nrf24.o
    0x08002364   0x08002364   0x00000006   Code   RO         3260    i.NRF24_getDynamicPayloadSize  my_nrf24.o
    0x0800236a   0x0800236a   0x00000006   Code   RO         3263    i.NRF24_get_status  my_nrf24.o
    0x08002370   0x08002370   0x0000002c   Code   RO         3267    i.NRF24_openWritingPipe  my_nrf24.o
    0x0800239c   0x0800239c   0x00000016   Code   RO         3268    i.NRF24_powerDown   my_nrf24.o
    0x080023b2   0x080023b2   0x00000002   PAD
    0x080023b4   0x080023b4   0x00000040   Code   RO         3272    i.NRF24_read_register  my_nrf24.o
    0x080023f4   0x080023f4   0x0000003c   Code   RO         3273    i.NRF24_read_registerN  my_nrf24.o
    0x08002430   0x08002430   0x00000008   Code   RO         3274    i.NRF24_resetStatus  my_nrf24.o
    0x08002438   0x08002438   0x0000000e   Code   RO         3275    i.NRF24_setAutoAck  my_nrf24.o
    0x08002446   0x08002446   0x00000028   Code   RO         3277    i.NRF24_setCRCLength  my_nrf24.o
    0x0800246e   0x0800246e   0x0000000e   Code   RO         3278    i.NRF24_setChannel  my_nrf24.o
    0x0800247c   0x0800247c   0x0000005c   Code   RO         3279    i.NRF24_setDataRate  my_nrf24.o
    0x080024d8   0x080024d8   0x0000003c   Code   RO         3280    i.NRF24_setPALevel  my_nrf24.o
    0x08002514   0x08002514   0x00000010   Code   RO         3281    i.NRF24_setPayloadSize  my_nrf24.o
    0x08002524   0x08002524   0x0000000e   Code   RO         3282    i.NRF24_setRetries  my_nrf24.o
    0x08002532   0x08002532   0x0000004a   Code   RO         3284    i.NRF24_startWrite  my_nrf24.o
    0x0800257c   0x0800257c   0x00000014   Code   RO         3285    i.NRF24_stopListening  my_nrf24.o
    0x08002590   0x08002590   0x00000032   Code   RO         3288    i.NRF24_whatHappened  my_nrf24.o
    0x080025c2   0x080025c2   0x00000002   PAD
    0x080025c4   0x080025c4   0x00000064   Code   RO         3289    i.NRF24_write       my_nrf24.o
    0x08002628   0x08002628   0x00000038   Code   RO         3291    i.NRF24_write_payload  my_nrf24.o
    0x08002660   0x08002660   0x00000030   Code   RO         3292    i.NRF24_write_register  my_nrf24.o
    0x08002690   0x08002690   0x0000003c   Code   RO         3293    i.NRF24_write_registerN  my_nrf24.o
    0x080026cc   0x080026cc   0x0000005c   Code   RO         1919    i.SPI_EndRxTransaction  stm32f1xx_hal_spi.o
    0x08002728   0x08002728   0x00000020   Code   RO         1920    i.SPI_EndRxTxTransaction  stm32f1xx_hal_spi.o
    0x08002748   0x08002748   0x000000b8   Code   RO         1925    i.SPI_WaitFlagStateUntilTimeout  stm32f1xx_hal_spi.o
    0x08002800   0x08002800   0x00000024   Code   RO           17    i.Start_Task1       main.o
    0x08002824   0x08002824   0x000000bc   Code   RO           18    i.Start_Task2       main.o
    0x080028e0   0x080028e0   0x0000002c   Code   RO         4742    i.SysTick_Handler   port.o
    0x0800290c   0x0800290c   0x00000050   Code   RO           19    i.SystemClock_Config  main.o
    0x0800295c   0x0800295c   0x00000002   Code   RO         3167    i.SystemInit        system_stm32f1xx.o
    0x0800295e   0x0800295e   0x00000002   PAD
    0x08002960   0x08002960   0x0000000c   Code   RO          275    i.TIM4_IRQHandler   stm32f1xx_it.o
    0x0800296c   0x0800296c   0x0000006c   Code   RO         2288    i.TIM_Base_SetConfig  stm32f1xx_hal_tim.o
    0x080029d8   0x080029d8   0x00000002   Code   RO          276    i.UsageFault_Handler  stm32f1xx_it.o
    0x080029da   0x080029da   0x00000020   Code   RO          947    i.__NVIC_SetPriority  stm32f1xx_hal_cortex.o
    0x080029fa   0x080029fa   0x00000002   PAD
    0x080029fc   0x080029fc   0x00000118   Code   RO           20    i.main              main.o
    0x08002b14   0x08002b14   0x00000064   Code   RO         3204    i.mpu6050_init      mpu6050.o
    0x08002b78   0x08002b78   0x00000030   Code   RO         3205    i.mpu6050_read_x    mpu6050.o
    0x08002ba8   0x08002ba8   0x00000030   Code   RO         3206    i.mpu6050_read_y    mpu6050.o
    0x08002bd8   0x08002bd8   0x0000000e   Code   RO         4315    i.osDelay           cmsis_os.o
    0x08002be6   0x08002be6   0x0000000a   Code   RO         4318    i.osKernelStart     cmsis_os.o
    0x08002bf0   0x08002bf0   0x00000070   Code   RO         4010    i.prvAddCurrentTaskToDelayedList  tasks.o
    0x08002c60   0x08002c60   0x000000d0   Code   RO         4011    i.prvAddNewTaskToReadyList  tasks.o
    0x08002d30   0x08002d30   0x00000034   Code   RO         4012    i.prvDeleteTCB      tasks.o
    0x08002d64   0x08002d64   0x0000004c   Code   RO         4680    i.prvHeapInit       heap_4.o
    0x08002db0   0x08002db0   0x00000060   Code   RO         4013    i.prvIdleTask       tasks.o
    0x08002e10   0x08002e10   0x0000008e   Code   RO         4014    i.prvInitialiseNewTask  tasks.o
    0x08002e9e   0x08002e9e   0x00000002   PAD
    0x08002ea0   0x08002ea0   0x0000004c   Code   RO         4681    i.prvInsertBlockIntoFreeList  heap_4.o
    0x08002eec   0x08002eec   0x00000020   Code   RO         4015    i.prvResetNextTaskUnblockTime  tasks.o
    0x08002f0c   0x08002f0c   0x00000028   Code   RO         4743    i.prvTaskExitError  port.o
    0x08002f34   0x08002f34   0x000000d8   Code   RO         4682    i.pvPortMalloc      heap_4.o
    0x0800300c   0x0800300c   0x00000024   Code   RO         4744    i.pxPortInitialiseStack  port.o
    0x08003030   0x08003030   0x00000026   Code   RO         3655    i.uxListRemove      list.o
    0x08003056   0x08003056   0x00000002   PAD
    0x08003058   0x08003058   0x00000014   Code   RO          236    i.vApplicationGetIdleTaskMemory  freertos.o
    0x0800306c   0x0800306c   0x00000016   Code   RO         3656    i.vListInitialise   list.o
    0x08003082   0x08003082   0x00000006   Code   RO         3657    i.vListInitialiseItem  list.o
    0x08003088   0x08003088   0x00000030   Code   RO         3658    i.vListInsert       list.o
    0x080030b8   0x080030b8   0x00000018   Code   RO         3659    i.vListInsertEnd    list.o
    0x080030d0   0x080030d0   0x00000040   Code   RO         4746    i.vPortEnterCritical  port.o
    0x08003110   0x08003110   0x00000028   Code   RO         4747    i.vPortExitCritical  port.o
    0x08003138   0x08003138   0x0000005c   Code   RO         4683    i.vPortFree         heap_4.o
    0x08003194   0x08003194   0x00000024   Code   RO         4748    i.vPortSetupTimerInterrupt  port.o
    0x080031b8   0x080031b8   0x0000004c   Code   RO         4023    i.vTaskDelay        tasks.o
    0x08003204   0x08003204   0x0000006c   Code   RO         4036    i.vTaskStartScheduler  tasks.o
    0x08003270   0x08003270   0x00000010   Code   RO         4038    i.vTaskSuspendAll   tasks.o
    0x08003280   0x08003280   0x0000005c   Code   RO         4039    i.vTaskSwitchContext  tasks.o
    0x080032dc   0x080032dc   0x000000a8   Code   RO         4750    i.xPortStartScheduler  port.o
    0x08003384   0x08003384   0x0000005a   Code   RO         4041    i.xTaskCreate       tasks.o
    0x080033de   0x080033de   0x00000056   Code   RO         4042    i.xTaskCreateStatic  tasks.o
    0x08003434   0x08003434   0x000000c8   Code   RO         4049    i.xTaskIncrementTick  tasks.o
    0x080034fc   0x080034fc   0x000000c4   Code   RO         4055    i.xTaskResumeAll    tasks.o
    0x080035c0   0x080035c0   0x00000012   Data   RO          645    .constdata          stm32f1xx_hal_rcc.o
    0x080035d2   0x080035d2   0x00000010   Data   RO         3168    .constdata          system_stm32f1xx.o
    0x080035e2   0x080035e2   0x00000008   Data   RO         3169    .constdata          system_stm32f1xx.o
    0x080035ea   0x080035ea   0x00000002   PAD
    0x080035ec   0x080035ec   0x00000020   Data   RO         4989    Region$$Table       anon$$obj.o


    Execution Region RW_IRAM1 (Exec base: 0x20000000, Load base: 0x0800360c, Size: 0x000017b0, Max: 0x00005000, ABSOLUTE)

    Exec Addr    Load Addr    Size         Type   Attr      Idx    E Section Name        Object

    0x20000000   0x0800360c   0x00000018   Data   RW           22    .data               main.o
    0x20000018   0x08003624   0x0000000c   Data   RW          482    .data               stm32f1xx_hal.o
    0x20000024   0x08003630   0x00000004   Data   RW         3170    .data               system_stm32f1xx.o
    0x20000028   0x08003634   0x00000018   Data   RW         3296    .data               my_nrf24.o
    0x20000040   0x0800364c   0x0000003c   Data   RW         4058    .data               tasks.o
    0x2000007c   0x08003688   0x00000018   Data   RW         4688    .data               heap_4.o
    0x20000094   0x080036a0   0x0000000c   Data   RW         4751    .data               port.o
    0x200000a0        -       0x000000cc   Zero   RW           21    .bss                main.o
    0x2000016c        -       0x00000254   Zero   RW          237    .bss                freertos.o
    0x200003c0        -       0x00000048   Zero   RW          385    .bss                stm32f1xx_hal_timebase_tim.o
    0x20000408        -       0x00000058   Zero   RW         3294    .bss                my_nrf24.o
    0x20000460        -       0x000000f0   Zero   RW         4057    .bss                tasks.o
    0x20000550        -       0x00000c00   Zero   RW         4687    .bss                heap_4.o
    0x20001150        -       0x00000060   Zero   RW         4863    .bss                c_w.l(libspace.o)
    0x200011b0        -       0x00000200   Zero   RW            2    HEAP                startup_stm32f103xb.o
    0x200013b0        -       0x00000400   Zero   RW            1    STACK               startup_stm32f103xb.o


==============================================================================

Image component sizes


      Code (inc. data)   RO Data    RW Data    ZI Data      Debug   Object Name

        24          0          0          0          0      20864   cmsis_os.o
         0          0          0          0          0      18108   event_groups.o
        20          4          0          0        596       1172   freertos.o
       460         24          0         24       3072       7087   heap_4.o
       138          0          0          0          0       3270   list.o
       880         94          0         24        204     462726   main.o
       196         16          0          0          0       1493   mpu6050.o
      1618         90          0         24         88      18364   my_nrf24.o
       578         60          0         12          0      10104   port.o
        64         26        236          0       1536        788   startup_stm32f103xb.o
       100         18          0         12          0       5094   stm32f1xx_hal.o
       158         14          0          0          0      28078   stm32f1xx_hal_cortex.o
       490         34          0          0          0       2824   stm32f1xx_hal_gpio.o
      2734         66          0          0          0      14110   stm32f1xx_hal_i2c.o
       276         36          0          0          0       2154   stm32f1xx_hal_msp.o
      1272         82         18          0          0       5054   stm32f1xx_hal_rcc.o
      1688          4          0          0          0       8014   stm32f1xx_hal_spi.o
       654         26          0          0          0       6860   stm32f1xx_hal_tim.o
         4          0          0          0          0       1521   stm32f1xx_hal_tim_ex.o
       152         20          0          0         72       1415   stm32f1xx_hal_timebase_tim.o
        24          6          0          0          0       2875   stm32f1xx_it.o
         0          0          0          0          0        392   stream_buffer.o
         2          0         24          4          0       1055   system_stm32f1xx.o
      1506        110          0         60        240      15770   tasks.o

    ----------------------------------------------------------------------
     13070        730        312        160       5808     639192   Object Totals
         0          0         32          0          0          0   (incl. Generated)
        32          0          2          0          0          0   (incl. Padding)

    ----------------------------------------------------------------------

      Code (inc. data)   RO Data    RW Data    ZI Data      Debug   Library Member Name

         8          0          0          0          0         68   __main.o
         0          0          0          0          0          0   __rtentry.o
        12          0          0          0          0          0   __rtentry2.o
         6          0          0          0          0          0   __rtentry4.o
        52          8          0          0          0          0   __scatter.o
        26          0          0          0          0          0   __scatter_copy.o
        28          0          0          0          0          0   __scatter_zi.o
        18          0          0          0          0         80   exit.o
         6          0          0          0          0        152   heapauxi.o
         0          0          0          0          0          0   indicate_semi.o
         2          0          0          0          0          0   libinit.o
         2          0          0          0          0          0   libinit2.o
         2          0          0          0          0          0   libshutdown.o
         2          0          0          0          0          0   libshutdown2.o
         8          4          0          0         96         68   libspace.o
        78          0          0          0          0         80   rt_memclr_w.o
       100          0          0          0          0         80   rt_memcpy_w.o
         2          0          0          0          0          0   rtexit.o
        10          0          0          0          0          0   rtexit2.o
        12          4          0          0          0         68   sys_exit.o
        74          0          0          0          0         80   sys_stackheap_outer.o
         2          0          0          0          0         68   use_no_semi.o

    ----------------------------------------------------------------------
       454         16          0          0         96        744   Library Totals
         4          0          0          0          0          0   (incl. Padding)

    ----------------------------------------------------------------------

      Code (inc. data)   RO Data    RW Data    ZI Data      Debug   Library Name

       450         16          0          0         96        744   c_w.l

    ----------------------------------------------------------------------
       454         16          0          0         96        744   Library Totals

    ----------------------------------------------------------------------

==============================================================================


      Code (inc. data)   RO Data    RW Data    ZI Data      Debug   

     13524        746        312        160       5904     632964   Grand Totals
     13524        746        312        160       5904     632964   ELF Image Totals
     13524        746        312        160          0          0   ROM Totals

==============================================================================

    Total RO  Size (Code + RO Data)                13836 (  13.51kB)
    Total RW  Size (RW Data + ZI Data)              6064 (   5.92kB)
    Total ROM Size (Code + RO Data + RW Data)      13996 (  13.67kB)

==============================================================================

